   text	   data	    bss	    dec	    hex	filename
     84	      0	      0	     84	     54	bin/am_util_delay.o
   1598	      0	    512	   2110	    83e	bin/am_util_faultisr.o
   3367	      0	   1029	   4396	   112c	bin/am_util_stdio.o
    905	     32	 114697	 115634	  1c3b2	bin/pdm_fft.o
    400	   4096	      0	   4496	   1190	bin/startup_gcc.o
     46	      0	      0	     46	     2e	arm_abs_f16.o (ex ../../../../../CMSIS/ARM/Lib/ARM/libarm_cortexM4lf_math.a)
     30	      0	      0	     30	     1e	arm_abs_f32.o (ex ../../../../../CMSIS/ARM/Lib/ARM/libarm_cortexM4lf_math.a)
     64	      0	      0	     64	     40	arm_abs_f64.o (ex ../../../../../CMSIS/ARM/Lib/ARM/libarm_cortexM4lf_math.a)
     40	      0	      0	     40	     28	arm_abs_q15.o (ex ../../../../../CMSIS/ARM/Lib/ARM/libarm_cortexM4lf_math.a)
     38	      0	      0	     38	     26	arm_abs_q31.o (ex ../../../../../CMSIS/ARM/Lib/ARM/libarm_cortexM4lf_math.a)
     40	      0	      0	     40	     28	arm_abs_q7.o (ex ../../../../../CMSIS/ARM/Lib/ARM/libarm_cortexM4lf_math.a)
     58	      0	      0	     58	     3a	arm_add_f16.o (ex ../../../../../CMSIS/ARM/Lib/ARM/libarm_cortexM4lf_math.a)
     34	      0	      0	     34	     22	arm_add_f32.o (ex ../../../../../CMSIS/ARM/Lib/ARM/libarm_cortexM4lf_math.a)
     68	      0	      0	     68	     44	arm_add_f64.o (ex ../../../../../CMSIS/ARM/Lib/ARM/libarm_cortexM4lf_math.a)
     34	      0	      0	     34	     22	arm_add_q15.o (ex ../../../../../CMSIS/ARM/Lib/ARM/libarm_cortexM4lf_math.a)
     34	      0	      0	     34	     22	arm_add_q31.o (ex ../../../../../CMSIS/ARM/Lib/ARM/libarm_cortexM4lf_math.a)
     36	      0	      0	     36	     24	arm_add_q7.o (ex ../../../../../CMSIS/ARM/Lib/ARM/libarm_cortexM4lf_math.a)
     34	      0	      0	     34	     22	arm_and_u16.o (ex ../../../../../CMSIS/ARM/Lib/ARM/libarm_cortexM4lf_math.a)
     34	      0	      0	     34	     22	arm_and_u32.o (ex ../../../../../CMSIS/ARM/Lib/ARM/libarm_cortexM4lf_math.a)
     34	      0	      0	     34	     22	arm_and_u8.o (ex ../../../../../CMSIS/ARM/Lib/ARM/libarm_cortexM4lf_math.a)
    116	      0	      0	    116	     74	arm_clip_f16.o (ex ../../../../../CMSIS/ARM/Lib/ARM/libarm_cortexM4lf_math.a)
     62	      0	      0	     62	     3e	arm_clip_f32.o (ex ../../../../../CMSIS/ARM/Lib/ARM/libarm_cortexM4lf_math.a)
     60	      0	      0	     60	     3c	arm_clip_q15.o (ex ../../../../../CMSIS/ARM/Lib/ARM/libarm_cortexM4lf_math.a)
     60	      0	      0	     60	     3c	arm_clip_q31.o (ex ../../../../../CMSIS/ARM/Lib/ARM/libarm_cortexM4lf_math.a)
     60	      0	      0	     60	     3c	arm_clip_q7.o (ex ../../../../../CMSIS/ARM/Lib/ARM/libarm_cortexM4lf_math.a)
     76	      0	      0	     76	     4c	arm_dot_prod_f16.o (ex ../../../../../CMSIS/ARM/Lib/ARM/libarm_cortexM4lf_math.a)
     48	      0	      0	     48	     30	arm_dot_prod_f32.o (ex ../../../../../CMSIS/ARM/Lib/ARM/libarm_cortexM4lf_math.a)
    104	      0	      0	    104	     68	arm_dot_prod_f64.o (ex ../../../../../CMSIS/ARM/Lib/ARM/libarm_cortexM4lf_math.a)
     42	      0	      0	     42	     2a	arm_dot_prod_q15.o (ex ../../../../../CMSIS/ARM/Lib/ARM/libarm_cortexM4lf_math.a)
     58	      0	      0	     58	     3a	arm_dot_prod_q31.o (ex ../../../../../CMSIS/ARM/Lib/ARM/libarm_cortexM4lf_math.a)
     38	      0	      0	     38	     26	arm_dot_prod_q7.o (ex ../../../../../CMSIS/ARM/Lib/ARM/libarm_cortexM4lf_math.a)
     58	      0	      0	     58	     3a	arm_mult_f16.o (ex ../../../../../CMSIS/ARM/Lib/ARM/libarm_cortexM4lf_math.a)
     34	      0	      0	     34	     22	arm_mult_f32.o (ex ../../../../../CMSIS/ARM/Lib/ARM/libarm_cortexM4lf_math.a)
     68	      0	      0	     68	     44	arm_mult_f64.o (ex ../../../../../CMSIS/ARM/Lib/ARM/libarm_cortexM4lf_math.a)
     38	      0	      0	     38	     26	arm_mult_q15.o (ex ../../../../../CMSIS/ARM/Lib/ARM/libarm_cortexM4lf_math.a)
     42	      0	      0	     42	     2a	arm_mult_q31.o (ex ../../../../../CMSIS/ARM/Lib/ARM/libarm_cortexM4lf_math.a)
     38	      0	      0	     38	     26	arm_mult_q7.o (ex ../../../../../CMSIS/ARM/Lib/ARM/libarm_cortexM4lf_math.a)
     46	      0	      0	     46	     2e	arm_negate_f16.o (ex ../../../../../CMSIS/ARM/Lib/ARM/libarm_cortexM4lf_math.a)
     30	      0	      0	     30	     1e	arm_negate_f32.o (ex ../../../../../CMSIS/ARM/Lib/ARM/libarm_cortexM4lf_math.a)
     48	      0	      0	     48	     30	arm_negate_f64.o (ex ../../../../../CMSIS/ARM/Lib/ARM/libarm_cortexM4lf_math.a)
     40	      0	      0	     40	     28	arm_negate_q15.o (ex ../../../../../CMSIS/ARM/Lib/ARM/libarm_cortexM4lf_math.a)
     34	      0	      0	     34	     22	arm_negate_q31.o (ex ../../../../../CMSIS/ARM/Lib/ARM/libarm_cortexM4lf_math.a)
     34	      0	      0	     34	     22	arm_negate_q7.o (ex ../../../../../CMSIS/ARM/Lib/ARM/libarm_cortexM4lf_math.a)
     30	      0	      0	     30	     1e	arm_not_u16.o (ex ../../../../../CMSIS/ARM/Lib/ARM/libarm_cortexM4lf_math.a)
     30	      0	      0	     30	     1e	arm_not_u32.o (ex ../../../../../CMSIS/ARM/Lib/ARM/libarm_cortexM4lf_math.a)
     30	      0	      0	     30	     1e	arm_not_u8.o (ex ../../../../../CMSIS/ARM/Lib/ARM/libarm_cortexM4lf_math.a)
     58	      0	      0	     58	     3a	arm_offset_f16.o (ex ../../../../../CMSIS/ARM/Lib/ARM/libarm_cortexM4lf_math.a)
     30	      0	      0	     30	     1e	arm_offset_f32.o (ex ../../../../../CMSIS/ARM/Lib/ARM/libarm_cortexM4lf_math.a)
     62	      0	      0	     62	     3e	arm_offset_f64.o (ex ../../../../../CMSIS/ARM/Lib/ARM/libarm_cortexM4lf_math.a)
     30	      0	      0	     30	     1e	arm_offset_q15.o (ex ../../../../../CMSIS/ARM/Lib/ARM/libarm_cortexM4lf_math.a)
     30	      0	      0	     30	     1e	arm_offset_q31.o (ex ../../../../../CMSIS/ARM/Lib/ARM/libarm_cortexM4lf_math.a)
     32	      0	      0	     32	     20	arm_offset_q7.o (ex ../../../../../CMSIS/ARM/Lib/ARM/libarm_cortexM4lf_math.a)
     34	      0	      0	     34	     22	arm_or_u16.o (ex ../../../../../CMSIS/ARM/Lib/ARM/libarm_cortexM4lf_math.a)
     34	      0	      0	     34	     22	arm_or_u32.o (ex ../../../../../CMSIS/ARM/Lib/ARM/libarm_cortexM4lf_math.a)
     34	      0	      0	     34	     22	arm_or_u8.o (ex ../../../../../CMSIS/ARM/Lib/ARM/libarm_cortexM4lf_math.a)
     58	      0	      0	     58	     3a	arm_scale_f16.o (ex ../../../../../CMSIS/ARM/Lib/ARM/libarm_cortexM4lf_math.a)
     30	      0	      0	     30	     1e	arm_scale_f32.o (ex ../../../../../CMSIS/ARM/Lib/ARM/libarm_cortexM4lf_math.a)
     62	      0	      0	     62	     3e	arm_scale_f64.o (ex ../../../../../CMSIS/ARM/Lib/ARM/libarm_cortexM4lf_math.a)
     60	      0	      0	     60	     3c	arm_scale_q15.o (ex ../../../../../CMSIS/ARM/Lib/ARM/libarm_cortexM4lf_math.a)
    104	      0	      0	    104	     68	arm_scale_q31.o (ex ../../../../../CMSIS/ARM/Lib/ARM/libarm_cortexM4lf_math.a)
     60	      0	      0	     60	     3c	arm_scale_q7.o (ex ../../../../../CMSIS/ARM/Lib/ARM/libarm_cortexM4lf_math.a)
     62	      0	      0	     62	     3e	arm_shift_q15.o (ex ../../../../../CMSIS/ARM/Lib/ARM/libarm_cortexM4lf_math.a)
    168	      0	      0	    168	     a8	arm_shift_q31.o (ex ../../../../../CMSIS/ARM/Lib/ARM/libarm_cortexM4lf_math.a)
     62	      0	      0	     62	     3e	arm_shift_q7.o (ex ../../../../../CMSIS/ARM/Lib/ARM/libarm_cortexM4lf_math.a)
     58	      0	      0	     58	     3a	arm_sub_f16.o (ex ../../../../../CMSIS/ARM/Lib/ARM/libarm_cortexM4lf_math.a)
     34	      0	      0	     34	     22	arm_sub_f32.o (ex ../../../../../CMSIS/ARM/Lib/ARM/libarm_cortexM4lf_math.a)
     68	      0	      0	     68	     44	arm_sub_f64.o (ex ../../../../../CMSIS/ARM/Lib/ARM/libarm_cortexM4lf_math.a)
     34	      0	      0	     34	     22	arm_sub_q15.o (ex ../../../../../CMSIS/ARM/Lib/ARM/libarm_cortexM4lf_math.a)
     34	      0	      0	     34	     22	arm_sub_q31.o (ex ../../../../../CMSIS/ARM/Lib/ARM/libarm_cortexM4lf_math.a)
     38	      0	      0	     38	     26	arm_sub_q7.o (ex ../../../../../CMSIS/ARM/Lib/ARM/libarm_cortexM4lf_math.a)
     34	      0	      0	     34	     22	arm_xor_u16.o (ex ../../../../../CMSIS/ARM/Lib/ARM/libarm_cortexM4lf_math.a)
     34	      0	      0	     34	     22	arm_xor_u32.o (ex ../../../../../CMSIS/ARM/Lib/ARM/libarm_cortexM4lf_math.a)
     34	      0	      0	     34	     22	arm_xor_u8.o (ex ../../../../../CMSIS/ARM/Lib/ARM/libarm_cortexM4lf_math.a)
    180	      0	      0	    180	     b4	arm_barycenter_f16.o (ex ../../../../../CMSIS/ARM/Lib/ARM/libarm_cortexM4lf_math.a)
    132	      0	      0	    132	     84	arm_barycenter_f32.o (ex ../../../../../CMSIS/ARM/Lib/ARM/libarm_cortexM4lf_math.a)
    252	      0	      0	    252	     fc	arm_bitonic_sort_f32.o (ex ../../../../../CMSIS/ARM/Lib/ARM/libarm_cortexM4lf_math.a)
    118	      0	      0	    118	     76	arm_bubble_sort_f32.o (ex ../../../../../CMSIS/ARM/Lib/ARM/libarm_cortexM4lf_math.a)
     26	      0	      0	     26	     1a	arm_copy_f16.o (ex ../../../../../CMSIS/ARM/Lib/ARM/libarm_cortexM4lf_math.a)
     26	      0	      0	     26	     1a	arm_copy_f32.o (ex ../../../../../CMSIS/ARM/Lib/ARM/libarm_cortexM4lf_math.a)
     26	      0	      0	     26	     1a	arm_copy_f64.o (ex ../../../../../CMSIS/ARM/Lib/ARM/libarm_cortexM4lf_math.a)
     26	      0	      0	     26	     1a	arm_copy_q15.o (ex ../../../../../CMSIS/ARM/Lib/ARM/libarm_cortexM4lf_math.a)
     26	      0	      0	     26	     1a	arm_copy_q31.o (ex ../../../../../CMSIS/ARM/Lib/ARM/libarm_cortexM4lf_math.a)
     26	      0	      0	     26	     1a	arm_copy_q7.o (ex ../../../../../CMSIS/ARM/Lib/ARM/libarm_cortexM4lf_math.a)
     54	      0	      0	     54	     36	arm_f16_to_f64.o (ex ../../../../../CMSIS/ARM/Lib/ARM/libarm_cortexM4lf_math.a)
     34	      0	      0	     34	     22	arm_f16_to_float.o (ex ../../../../../CMSIS/ARM/Lib/ARM/libarm_cortexM4lf_math.a)
     80	      0	      0	     80	     50	arm_f16_to_q15.o (ex ../../../../../CMSIS/ARM/Lib/ARM/libarm_cortexM4lf_math.a)
     44	      0	      0	     44	     2c	arm_f64_to_f16.o (ex ../../../../../CMSIS/ARM/Lib/ARM/libarm_cortexM4lf_math.a)
     44	      0	      0	     44	     2c	arm_f64_to_float.o (ex ../../../../../CMSIS/ARM/Lib/ARM/libarm_cortexM4lf_math.a)
     80	      0	      0	     80	     50	arm_f64_to_q15.o (ex ../../../../../CMSIS/ARM/Lib/ARM/libarm_cortexM4lf_math.a)
    136	      0	      0	    136	     88	arm_f64_to_q31.o (ex ../../../../../CMSIS/ARM/Lib/ARM/libarm_cortexM4lf_math.a)
     80	      0	      0	     80	     50	arm_f64_to_q7.o (ex ../../../../../CMSIS/ARM/Lib/ARM/libarm_cortexM4lf_math.a)
     34	      0	      0	     34	     22	arm_fill_f16.o (ex ../../../../../CMSIS/ARM/Lib/ARM/libarm_cortexM4lf_math.a)
     22	      0	      0	     22	     16	arm_fill_f32.o (ex ../../../../../CMSIS/ARM/Lib/ARM/libarm_cortexM4lf_math.a)
     22	      0	      0	     22	     16	arm_fill_f64.o (ex ../../../../../CMSIS/ARM/Lib/ARM/libarm_cortexM4lf_math.a)
     22	      0	      0	     22	     16	arm_fill_q15.o (ex ../../../../../CMSIS/ARM/Lib/ARM/libarm_cortexM4lf_math.a)
     22	      0	      0	     22	     16	arm_fill_q31.o (ex ../../../../../CMSIS/ARM/Lib/ARM/libarm_cortexM4lf_math.a)
     28	      0	      0	     28	     1c	arm_fill_q7.o (ex ../../../../../CMSIS/ARM/Lib/ARM/libarm_cortexM4lf_math.a)
     34	      0	      0	     34	     22	arm_float_to_f16.o (ex ../../../../../CMSIS/ARM/Lib/ARM/libarm_cortexM4lf_math.a)
     42	      0	      0	     42	     2a	arm_float_to_f64.o (ex ../../../../../CMSIS/ARM/Lib/ARM/libarm_cortexM4lf_math.a)
     52	      0	      0	     52	     34	arm_float_to_q15.o (ex ../../../../../CMSIS/ARM/Lib/ARM/libarm_cortexM4lf_math.a)
     48	      0	      0	     48	     30	arm_float_to_q31.o (ex ../../../../../CMSIS/ARM/Lib/ARM/libarm_cortexM4lf_math.a)
     52	      0	      0	     52	     34	arm_float_to_q7.o (ex ../../../../../CMSIS/ARM/Lib/ARM/libarm_cortexM4lf_math.a)
    232	      0	      0	    232	     e8	arm_heap_sort_f32.o (ex ../../../../../CMSIS/ARM/Lib/ARM/libarm_cortexM4lf_math.a)
    114	      0	      0	    114	     72	arm_insertion_sort_f32.o (ex ../../../../../CMSIS/ARM/Lib/ARM/libarm_cortexM4lf_math.a)
    236	      0	      0	    236	     ec	arm_merge_sort_f32.o (ex ../../../../../CMSIS/ARM/Lib/ARM/libarm_cortexM4lf_math.a)
     14	      0	      0	     14	      e	arm_merge_sort_init_f32.o (ex ../../../../../CMSIS/ARM/Lib/ARM/libarm_cortexM4lf_math.a)
     64	      0	      0	     64	     40	arm_q15_to_f16.o (ex ../../../../../CMSIS/ARM/Lib/ARM/libarm_cortexM4lf_math.a)
     72	      0	      0	     72	     48	arm_q15_to_f64.o (ex ../../../../../CMSIS/ARM/Lib/ARM/libarm_cortexM4lf_math.a)
     48	      0	      0	     48	     30	arm_q15_to_float.o (ex ../../../../../CMSIS/ARM/Lib/ARM/libarm_cortexM4lf_math.a)
     30	      0	      0	     30	     1e	arm_q15_to_q31.o (ex ../../../../../CMSIS/ARM/Lib/ARM/libarm_cortexM4lf_math.a)
     26	      0	      0	     26	     1a	arm_q15_to_q7.o (ex ../../../../../CMSIS/ARM/Lib/ARM/libarm_cortexM4lf_math.a)
     72	      0	      0	     72	     48	arm_q31_to_f64.o (ex ../../../../../CMSIS/ARM/Lib/ARM/libarm_cortexM4lf_math.a)
     48	      0	      0	     48	     30	arm_q31_to_float.o (ex ../../../../../CMSIS/ARM/Lib/ARM/libarm_cortexM4lf_math.a)
     26	      0	      0	     26	     1a	arm_q31_to_q15.o (ex ../../../../../CMSIS/ARM/Lib/ARM/libarm_cortexM4lf_math.a)
     26	      0	      0	     26	     1a	arm_q31_to_q7.o (ex ../../../../../CMSIS/ARM/Lib/ARM/libarm_cortexM4lf_math.a)
     72	      0	      0	     72	     48	arm_q7_to_f64.o (ex ../../../../../CMSIS/ARM/Lib/ARM/libarm_cortexM4lf_math.a)
     48	      0	      0	     48	     30	arm_q7_to_float.o (ex ../../../../../CMSIS/ARM/Lib/ARM/libarm_cortexM4lf_math.a)
     30	      0	      0	     30	     1e	arm_q7_to_q15.o (ex ../../../../../CMSIS/ARM/Lib/ARM/libarm_cortexM4lf_math.a)
     30	      0	      0	     30	     1e	arm_q7_to_q31.o (ex ../../../../../CMSIS/ARM/Lib/ARM/libarm_cortexM4lf_math.a)
    258	      0	      0	    258	    102	arm_quick_sort_f32.o (ex ../../../../../CMSIS/ARM/Lib/ARM/libarm_cortexM4lf_math.a)
    138	      0	      0	    138	     8a	arm_selection_sort_f32.o (ex ../../../../../CMSIS/ARM/Lib/ARM/libarm_cortexM4lf_math.a)
     80	      0	      0	     80	     50	arm_sort_f32.o (ex ../../../../../CMSIS/ARM/Lib/ARM/libarm_cortexM4lf_math.a)
     14	      0	      0	     14	      e	arm_sort_init_f32.o (ex ../../../../../CMSIS/ARM/Lib/ARM/libarm_cortexM4lf_math.a)
    128	      0	      0	    128	     80	arm_weighted_sum_f16.o (ex ../../../../../CMSIS/ARM/Lib/ARM/libarm_cortexM4lf_math.a)
     64	      0	      0	     64	     40	arm_weighted_sum_f32.o (ex ../../../../../CMSIS/ARM/Lib/ARM/libarm_cortexM4lf_math.a)
 919138	      0	      0	 919138	  e0662	arm_common_tables.o (ex ../../../../../CMSIS/ARM/Lib/ARM/libarm_cortexM4lf_math.a)
  49024	      0	      0	  49024	   bf80	arm_common_tables_f16.o (ex ../../../../../CMSIS/ARM/Lib/ARM/libarm_cortexM4lf_math.a)
   1392	      0	      0	   1392	    570	arm_const_structs.o (ex ../../../../../CMSIS/ARM/Lib/ARM/libarm_cortexM4lf_math.a)
    144	      0	      0	    144	     90	arm_const_structs_f16.o (ex ../../../../../CMSIS/ARM/Lib/ARM/libarm_cortexM4lf_math.a)
      0	      0	      0	      0	      0	arm_mve_tables.o (ex ../../../../../CMSIS/ARM/Lib/ARM/libarm_cortexM4lf_math.a)
      0	      0	      0	      0	      0	arm_mve_tables_f16.o (ex ../../../../../CMSIS/ARM/Lib/ARM/libarm_cortexM4lf_math.a)
    240	      0	      0	    240	     f0	arm_bilinear_interp_f16.o (ex ../../../../../CMSIS/ARM/Lib/ARM/libarm_cortexM4lf_math.a)
    164	      0	      0	    164	     a4	arm_bilinear_interp_f32.o (ex ../../../../../CMSIS/ARM/Lib/ARM/libarm_cortexM4lf_math.a)
    216	      0	      0	    216	     d8	arm_bilinear_interp_q15.o (ex ../../../../../CMSIS/ARM/Lib/ARM/libarm_cortexM4lf_math.a)
    152	      0	      0	    152	     98	arm_bilinear_interp_q31.o (ex ../../../../../CMSIS/ARM/Lib/ARM/libarm_cortexM4lf_math.a)
    144	      0	      0	    144	     90	arm_bilinear_interp_q7.o (ex ../../../../../CMSIS/ARM/Lib/ARM/libarm_cortexM4lf_math.a)
    224	      0	      0	    224	     e0	arm_linear_interp_f16.o (ex ../../../../../CMSIS/ARM/Lib/ARM/libarm_cortexM4lf_math.a)
    140	      0	      0	    140	     8c	arm_linear_interp_f32.o (ex ../../../../../CMSIS/ARM/Lib/ARM/libarm_cortexM4lf_math.a)
     78	      0	      0	     78	     4e	arm_linear_interp_q15.o (ex ../../../../../CMSIS/ARM/Lib/ARM/libarm_cortexM4lf_math.a)
     74	      0	      0	     74	     4a	arm_linear_interp_q31.o (ex ../../../../../CMSIS/ARM/Lib/ARM/libarm_cortexM4lf_math.a)
     66	      0	      0	     66	     42	arm_linear_interp_q7.o (ex ../../../../../CMSIS/ARM/Lib/ARM/libarm_cortexM4lf_math.a)
    340	      0	      0	    340	    154	arm_spline_interp_f32.o (ex ../../../../../CMSIS/ARM/Lib/ARM/libarm_cortexM4lf_math.a)
    488	      0	      0	    488	    1e8	arm_spline_interp_init_f32.o (ex ../../../../../CMSIS/ARM/Lib/ARM/libarm_cortexM4lf_math.a)
    682	      0	      0	    682	    2aa	arm_boolean_distance.o (ex ../../../../../CMSIS/ARM/Lib/ARM/libarm_cortexM4lf_math.a)
    140	      0	      0	    140	     8c	arm_braycurtis_distance_f16.o (ex ../../../../../CMSIS/ARM/Lib/ARM/libarm_cortexM4lf_math.a)
     76	      0	      0	     76	     4c	arm_braycurtis_distance_f32.o (ex ../../../../../CMSIS/ARM/Lib/ARM/libarm_cortexM4lf_math.a)
    160	      0	      0	    160	     a0	arm_canberra_distance_f16.o (ex ../../../../../CMSIS/ARM/Lib/ARM/libarm_cortexM4lf_math.a)
    116	      0	      0	    116	     74	arm_canberra_distance_f32.o (ex ../../../../../CMSIS/ARM/Lib/ARM/libarm_cortexM4lf_math.a)
    118	      0	      0	    118	     76	arm_chebyshev_distance_f16.o (ex ../../../../../CMSIS/ARM/Lib/ARM/libarm_cortexM4lf_math.a)
     72	      0	      0	     72	     48	arm_chebyshev_distance_f32.o (ex ../../../../../CMSIS/ARM/Lib/ARM/libarm_cortexM4lf_math.a)
    152	      0	      0	    152	     98	arm_chebyshev_distance_f64.o (ex ../../../../../CMSIS/ARM/Lib/ARM/libarm_cortexM4lf_math.a)
     84	      0	      0	     84	     54	arm_cityblock_distance_f16.o (ex ../../../../../CMSIS/ARM/Lib/ARM/libarm_cortexM4lf_math.a)
     52	      0	      0	     52	     34	arm_cityblock_distance_f32.o (ex ../../../../../CMSIS/ARM/Lib/ARM/libarm_cortexM4lf_math.a)
    120	      0	      0	    120	     78	arm_cityblock_distance_f64.o (ex ../../../../../CMSIS/ARM/Lib/ARM/libarm_cortexM4lf_math.a)
    308	      0	      0	    308	    134	arm_correlation_distance_f16.o (ex ../../../../../CMSIS/ARM/Lib/ARM/libarm_cortexM4lf_math.a)
    196	      0	      0	    196	     c4	arm_correlation_distance_f32.o (ex ../../../../../CMSIS/ARM/Lib/ARM/libarm_cortexM4lf_math.a)
    152	      0	      0	    152	     98	arm_cosine_distance_f16.o (ex ../../../../../CMSIS/ARM/Lib/ARM/libarm_cortexM4lf_math.a)
    104	      0	      0	    104	     68	arm_cosine_distance_f32.o (ex ../../../../../CMSIS/ARM/Lib/ARM/libarm_cortexM4lf_math.a)
    128	      0	      0	    128	     80	arm_cosine_distance_f64.o (ex ../../../../../CMSIS/ARM/Lib/ARM/libarm_cortexM4lf_math.a)
    140	      0	      0	    140	     8c	arm_dice_distance.o (ex ../../../../../CMSIS/ARM/Lib/ARM/libarm_cortexM4lf_math.a)
    476	      0	      0	    476	    1dc	arm_dtw_distance_f32.o (ex ../../../../../CMSIS/ARM/Lib/ARM/libarm_cortexM4lf_math.a)
    226	      0	      0	    226	     e2	arm_dtw_init_window_q7.o (ex ../../../../../CMSIS/ARM/Lib/ARM/libarm_cortexM4lf_math.a)
    368	      0	      0	    368	    170	arm_dtw_path_f32.o (ex ../../../../../CMSIS/ARM/Lib/ARM/libarm_cortexM4lf_math.a)
    120	      0	      0	    120	     78	arm_euclidean_distance_f16.o (ex ../../../../../CMSIS/ARM/Lib/ARM/libarm_cortexM4lf_math.a)
     68	      0	      0	     68	     44	arm_euclidean_distance_f32.o (ex ../../../../../CMSIS/ARM/Lib/ARM/libarm_cortexM4lf_math.a)
    120	      0	      0	    120	     78	arm_euclidean_distance_f64.o (ex ../../../../../CMSIS/ARM/Lib/ARM/libarm_cortexM4lf_math.a)
     76	      0	      0	     76	     4c	arm_hamming_distance.o (ex ../../../../../CMSIS/ARM/Lib/ARM/libarm_cortexM4lf_math.a)
     82	      0	      0	     82	     52	arm_jaccard_distance.o (ex ../../../../../CMSIS/ARM/Lib/ARM/libarm_cortexM4lf_math.a)
    232	      0	      0	    232	     e8	arm_jensenshannon_distance_f16.o (ex ../../../../../CMSIS/ARM/Lib/ARM/libarm_cortexM4lf_math.a)
    140	      0	      0	    140	     8c	arm_jensenshannon_distance_f32.o (ex ../../../../../CMSIS/ARM/Lib/ARM/libarm_cortexM4lf_math.a)
     88	      0	      0	     88	     58	arm_kulsinski_distance.o (ex ../../../../../CMSIS/ARM/Lib/ARM/libarm_cortexM4lf_math.a)
    148	      0	      0	    148	     94	arm_minkowski_distance_f16.o (ex ../../../../../CMSIS/ARM/Lib/ARM/libarm_cortexM4lf_math.a)
    104	      0	      0	    104	     68	arm_minkowski_distance_f32.o (ex ../../../../../CMSIS/ARM/Lib/ARM/libarm_cortexM4lf_math.a)
     94	      0	      0	     94	     5e	arm_rogerstanimoto_distance.o (ex ../../../../../CMSIS/ARM/Lib/ARM/libarm_cortexM4lf_math.a)
     54	      0	      0	     54	     36	arm_russellrao_distance.o (ex ../../../../../CMSIS/ARM/Lib/ARM/libarm_cortexM4lf_math.a)
     98	      0	      0	     98	     62	arm_sokalmichener_distance.o (ex ../../../../../CMSIS/ARM/Lib/ARM/libarm_cortexM4lf_math.a)
     84	      0	      0	     84	     54	arm_sokalsneath_distance.o (ex ../../../../../CMSIS/ARM/Lib/ARM/libarm_cortexM4lf_math.a)
    128	      0	      0	    128	     80	arm_yule_distance.o (ex ../../../../../CMSIS/ARM/Lib/ARM/libarm_cortexM4lf_math.a)
    488	      0	      0	    488	    1e8	arm_bitreversal.o (ex ../../../../../CMSIS/ARM/Lib/ARM/libarm_cortexM4lf_math.a)
    294	      0	      0	    294	    126	arm_bitreversal2.o (ex ../../../../../CMSIS/ARM/Lib/ARM/libarm_cortexM4lf_math.a)
    188	      0	      0	    188	     bc	arm_bitreversal_f16.o (ex ../../../../../CMSIS/ARM/Lib/ARM/libarm_cortexM4lf_math.a)
    274	      0	      0	    274	    112	arm_cfft_f16.o (ex ../../../../../CMSIS/ARM/Lib/ARM/libarm_cortexM4lf_math.a)
   1938	      0	      0	   1938	    792	arm_cfft_f32.o (ex ../../../../../CMSIS/ARM/Lib/ARM/libarm_cortexM4lf_math.a)
   1582	      0	      0	   1582	    62e	arm_cfft_f64.o (ex ../../../../../CMSIS/ARM/Lib/ARM/libarm_cortexM4lf_math.a)
    540	      0	      0	    540	    21c	arm_cfft_init_f16.o (ex ../../../../../CMSIS/ARM/Lib/ARM/libarm_cortexM4lf_math.a)
    540	      0	      0	    540	    21c	arm_cfft_init_f32.o (ex ../../../../../CMSIS/ARM/Lib/ARM/libarm_cortexM4lf_math.a)
    540	      0	      0	    540	    21c	arm_cfft_init_f64.o (ex ../../../../../CMSIS/ARM/Lib/ARM/libarm_cortexM4lf_math.a)
    540	      0	      0	    540	    21c	arm_cfft_init_q15.o (ex ../../../../../CMSIS/ARM/Lib/ARM/libarm_cortexM4lf_math.a)
    540	      0	      0	    540	    21c	arm_cfft_init_q31.o (ex ../../../../../CMSIS/ARM/Lib/ARM/libarm_cortexM4lf_math.a)
    630	      0	      0	    630	    276	arm_cfft_q15.o (ex ../../../../../CMSIS/ARM/Lib/ARM/libarm_cortexM4lf_math.a)
    784	      0	      0	    784	    310	arm_cfft_q31.o (ex ../../../../../CMSIS/ARM/Lib/ARM/libarm_cortexM4lf_math.a)
   1326	      0	      0	   1326	    52e	arm_cfft_radix2_f16.o (ex ../../../../../CMSIS/ARM/Lib/ARM/libarm_cortexM4lf_math.a)
    852	      0	      0	    852	    354	arm_cfft_radix2_f32.o (ex ../../../../../CMSIS/ARM/Lib/ARM/libarm_cortexM4lf_math.a)
    244	      0	      0	    244	     f4	arm_cfft_radix2_init_f16.o (ex ../../../../../CMSIS/ARM/Lib/ARM/libarm_cortexM4lf_math.a)
    236	      0	      0	    236	     ec	arm_cfft_radix2_init_f32.o (ex ../../../../../CMSIS/ARM/Lib/ARM/libarm_cortexM4lf_math.a)
    160	      0	      0	    160	     a0	arm_cfft_radix2_init_q15.o (ex ../../../../../CMSIS/ARM/Lib/ARM/libarm_cortexM4lf_math.a)
    160	      0	      0	    160	     a0	arm_cfft_radix2_init_q31.o (ex ../../../../../CMSIS/ARM/Lib/ARM/libarm_cortexM4lf_math.a)
    992	      0	      0	    992	    3e0	arm_cfft_radix2_q15.o (ex ../../../../../CMSIS/ARM/Lib/ARM/libarm_cortexM4lf_math.a)
   1072	      0	      0	   1072	    430	arm_cfft_radix2_q31.o (ex ../../../../../CMSIS/ARM/Lib/ARM/libarm_cortexM4lf_math.a)
   3156	      0	      0	   3156	    c54	arm_cfft_radix4_f16.o (ex ../../../../../CMSIS/ARM/Lib/ARM/libarm_cortexM4lf_math.a)
   1122	      0	      0	   1122	    462	arm_cfft_radix4_f32.o (ex ../../../../../CMSIS/ARM/Lib/ARM/libarm_cortexM4lf_math.a)
    160	      0	      0	    160	     a0	arm_cfft_radix4_init_f16.o (ex ../../../../../CMSIS/ARM/Lib/ARM/libarm_cortexM4lf_math.a)
    156	      0	      0	    156	     9c	arm_cfft_radix4_init_f32.o (ex ../../../../../CMSIS/ARM/Lib/ARM/libarm_cortexM4lf_math.a)
    110	      0	      0	    110	     6e	arm_cfft_radix4_init_q15.o (ex ../../../../../CMSIS/ARM/Lib/ARM/libarm_cortexM4lf_math.a)
    110	      0	      0	    110	     6e	arm_cfft_radix4_init_q31.o (ex ../../../../../CMSIS/ARM/Lib/ARM/libarm_cortexM4lf_math.a)
   1228	      0	      0	   1228	    4cc	arm_cfft_radix4_q15.o (ex ../../../../../CMSIS/ARM/Lib/ARM/libarm_cortexM4lf_math.a)
   1982	      0	      0	   1982	    7be	arm_cfft_radix4_q31.o (ex ../../../../../CMSIS/ARM/Lib/ARM/libarm_cortexM4lf_math.a)
   2088	      0	      0	   2088	    828	arm_cfft_radix8_f16.o (ex ../../../../../CMSIS/ARM/Lib/ARM/libarm_cortexM4lf_math.a)
   1412	      0	      0	   1412	    584	arm_cfft_radix8_f32.o (ex ../../../../../CMSIS/ARM/Lib/ARM/libarm_cortexM4lf_math.a)
    210	      0	      0	    210	     d2	arm_dct4_f32.o (ex ../../../../../CMSIS/ARM/Lib/ARM/libarm_cortexM4lf_math.a)
    160	      0	      0	    160	     a0	arm_dct4_init_f32.o (ex ../../../../../CMSIS/ARM/Lib/ARM/libarm_cortexM4lf_math.a)
    150	      0	      0	    150	     96	arm_dct4_init_q15.o (ex ../../../../../CMSIS/ARM/Lib/ARM/libarm_cortexM4lf_math.a)
    150	      0	      0	    150	     96	arm_dct4_init_q31.o (ex ../../../../../CMSIS/ARM/Lib/ARM/libarm_cortexM4lf_math.a)
    204	      0	      0	    204	     cc	arm_dct4_q15.o (ex ../../../../../CMSIS/ARM/Lib/ARM/libarm_cortexM4lf_math.a)
    220	      0	      0	    220	     dc	arm_dct4_q31.o (ex ../../../../../CMSIS/ARM/Lib/ARM/libarm_cortexM4lf_math.a)
    252	      0	      0	    252	     fc	arm_mfcc_f16.o (ex ../../../../../CMSIS/ARM/Lib/ARM/libarm_cortexM4lf_math.a)
    240	      0	      0	    240	     f0	arm_mfcc_f32.o (ex ../../../../../CMSIS/ARM/Lib/ARM/libarm_cortexM4lf_math.a)
    500	      0	      0	    500	    1f4	arm_mfcc_init_f16.o (ex ../../../../../CMSIS/ARM/Lib/ARM/libarm_cortexM4lf_math.a)
    500	      0	      0	    500	    1f4	arm_mfcc_init_f32.o (ex ../../../../../CMSIS/ARM/Lib/ARM/libarm_cortexM4lf_math.a)
    550	      0	      0	    550	    226	arm_mfcc_init_q15.o (ex ../../../../../CMSIS/ARM/Lib/ARM/libarm_cortexM4lf_math.a)
    550	      0	      0	    550	    226	arm_mfcc_init_q31.o (ex ../../../../../CMSIS/ARM/Lib/ARM/libarm_cortexM4lf_math.a)
    332	      0	      0	    332	    14c	arm_mfcc_q15.o (ex ../../../../../CMSIS/ARM/Lib/ARM/libarm_cortexM4lf_math.a)
    308	      0	      0	    308	    134	arm_mfcc_q31.o (ex ../../../../../CMSIS/ARM/Lib/ARM/libarm_cortexM4lf_math.a)
    540	      0	      0	    540	    21c	arm_rfft_f32.o (ex ../../../../../CMSIS/ARM/Lib/ARM/libarm_cortexM4lf_math.a)
    638	      0	      0	    638	    27e	arm_rfft_fast_f16.o (ex ../../../../../CMSIS/ARM/Lib/ARM/libarm_cortexM4lf_math.a)
    442	      0	      0	    442	    1ba	arm_rfft_fast_f32.o (ex ../../../../../CMSIS/ARM/Lib/ARM/libarm_cortexM4lf_math.a)
   1004	      0	      0	   1004	    3ec	arm_rfft_fast_f64.o (ex ../../../../../CMSIS/ARM/Lib/ARM/libarm_cortexM4lf_math.a)
    618	      0	      0	    618	    26a	arm_rfft_fast_init_f16.o (ex ../../../../../CMSIS/ARM/Lib/ARM/libarm_cortexM4lf_math.a)
    618	      0	      0	    618	    26a	arm_rfft_fast_init_f32.o (ex ../../../../../CMSIS/ARM/Lib/ARM/libarm_cortexM4lf_math.a)
    898	      0	      0	    898	    382	arm_rfft_fast_init_f64.o (ex ../../../../../CMSIS/ARM/Lib/ARM/libarm_cortexM4lf_math.a)
    124	      0	      0	    124	     7c	arm_rfft_init_f32.o (ex ../../../../../CMSIS/ARM/Lib/ARM/libarm_cortexM4lf_math.a)
    774	      0	      0	    774	    306	arm_rfft_init_q15.o (ex ../../../../../CMSIS/ARM/Lib/ARM/libarm_cortexM4lf_math.a)
    774	      0	      0	    774	    306	arm_rfft_init_q31.o (ex ../../../../../CMSIS/ARM/Lib/ARM/libarm_cortexM4lf_math.a)
    378	      0	      0	    378	    17a	arm_rfft_q15.o (ex ../../../../../CMSIS/ARM/Lib/ARM/libarm_cortexM4lf_math.a)
    538	      0	      0	    538	    21a	arm_rfft_q31.o (ex ../../../../../CMSIS/ARM/Lib/ARM/libarm_cortexM4lf_math.a)
     34	      0	      0	     34	     22	arm_svm_linear_init_f16.o (ex ../../../../../CMSIS/ARM/Lib/ARM/libarm_cortexM4lf_math.a)
     32	      0	      0	     32	     20	arm_svm_linear_init_f32.o (ex ../../../../../CMSIS/ARM/Lib/ARM/libarm_cortexM4lf_math.a)
    200	      0	      0	    200	     c8	arm_svm_linear_predict_f16.o (ex ../../../../../CMSIS/ARM/Lib/ARM/libarm_cortexM4lf_math.a)
    140	      0	      0	    140	     8c	arm_svm_linear_predict_f32.o (ex ../../../../../CMSIS/ARM/Lib/ARM/libarm_cortexM4lf_math.a)
     52	      0	      0	     52	     34	arm_svm_polynomial_init_f16.o (ex ../../../../../CMSIS/ARM/Lib/ARM/libarm_cortexM4lf_math.a)
     48	      0	      0	     48	     30	arm_svm_polynomial_init_f32.o (ex ../../../../../CMSIS/ARM/Lib/ARM/libarm_cortexM4lf_math.a)
    324	      0	      0	    324	    144	arm_svm_polynomial_predict_f16.o (ex ../../../../../CMSIS/ARM/Lib/ARM/libarm_cortexM4lf_math.a)
    192	      0	      0	    192	     c0	arm_svm_polynomial_predict_f32.o (ex ../../../../../CMSIS/ARM/Lib/ARM/libarm_cortexM4lf_math.a)
     42	      0	      0	     42	     2a	arm_svm_rbf_init_f16.o (ex ../../../../../CMSIS/ARM/Lib/ARM/libarm_cortexM4lf_math.a)
     36	      0	      0	     36	     24	arm_svm_rbf_init_f32.o (ex ../../../../../CMSIS/ARM/Lib/ARM/libarm_cortexM4lf_math.a)
    240	      0	      0	    240	     f0	arm_svm_rbf_predict_f16.o (ex ../../../../../CMSIS/ARM/Lib/ARM/libarm_cortexM4lf_math.a)
    164	      0	      0	    164	     a4	arm_svm_rbf_predict_f32.o (ex ../../../../../CMSIS/ARM/Lib/ARM/libarm_cortexM4lf_math.a)
     48	      0	      0	     48	     30	arm_svm_sigmoid_init_f16.o (ex ../../../../../CMSIS/ARM/Lib/ARM/libarm_cortexM4lf_math.a)
     40	      0	      0	     40	     28	arm_svm_sigmoid_init_f32.o (ex ../../../../../CMSIS/ARM/Lib/ARM/libarm_cortexM4lf_math.a)
    252	      0	      0	    252	     fc	arm_svm_sigmoid_predict_f16.o (ex ../../../../../CMSIS/ARM/Lib/ARM/libarm_cortexM4lf_math.a)
    168	      0	      0	    168	     a8	arm_svm_sigmoid_predict_f32.o (ex ../../../../../CMSIS/ARM/Lib/ARM/libarm_cortexM4lf_math.a)
     34	      0	      0	     34	     22	arm_biquad_cascade_df1_32x64_init_q31.o (ex ../../../../../CMSIS/ARM/Lib/ARM/libarm_cortexM4lf_math.a)
    276	      0	      0	    276	    114	arm_biquad_cascade_df1_32x64_q31.o (ex ../../../../../CMSIS/ARM/Lib/ARM/libarm_cortexM4lf_math.a)
    352	      0	      0	    352	    160	arm_biquad_cascade_df1_f16.o (ex ../../../../../CMSIS/ARM/Lib/ARM/libarm_cortexM4lf_math.a)
    168	      0	      0	    168	     a8	arm_biquad_cascade_df1_f32.o (ex ../../../../../CMSIS/ARM/Lib/ARM/libarm_cortexM4lf_math.a)
    138	      0	      0	    138	     8a	arm_biquad_cascade_df1_fast_q15.o (ex ../../../../../CMSIS/ARM/Lib/ARM/libarm_cortexM4lf_math.a)
    160	      0	      0	    160	     a0	arm_biquad_cascade_df1_fast_q31.o (ex ../../../../../CMSIS/ARM/Lib/ARM/libarm_cortexM4lf_math.a)
     30	      0	      0	     30	     1e	arm_biquad_cascade_df1_init_f16.o (ex ../../../../../CMSIS/ARM/Lib/ARM/libarm_cortexM4lf_math.a)
     30	      0	      0	     30	     1e	arm_biquad_cascade_df1_init_f32.o (ex ../../../../../CMSIS/ARM/Lib/ARM/libarm_cortexM4lf_math.a)
     34	      0	      0	     34	     22	arm_biquad_cascade_df1_init_q15.o (ex ../../../../../CMSIS/ARM/Lib/ARM/libarm_cortexM4lf_math.a)
     34	      0	      0	     34	     22	arm_biquad_cascade_df1_init_q31.o (ex ../../../../../CMSIS/ARM/Lib/ARM/libarm_cortexM4lf_math.a)
    298	      0	      0	    298	    12a	arm_biquad_cascade_df1_q15.o (ex ../../../../../CMSIS/ARM/Lib/ARM/libarm_cortexM4lf_math.a)
    194	      0	      0	    194	     c2	arm_biquad_cascade_df1_q31.o (ex ../../../../../CMSIS/ARM/Lib/ARM/libarm_cortexM4lf_math.a)
    268	      0	      0	    268	    10c	arm_biquad_cascade_df2t_f16.o (ex ../../../../../CMSIS/ARM/Lib/ARM/libarm_cortexM4lf_math.a)
    126	      0	      0	    126	     7e	arm_biquad_cascade_df2t_f32.o (ex ../../../../../CMSIS/ARM/Lib/ARM/libarm_cortexM4lf_math.a)
    240	      0	      0	    240	     f0	arm_biquad_cascade_df2t_f64.o (ex ../../../../../CMSIS/ARM/Lib/ARM/libarm_cortexM4lf_math.a)
     30	      0	      0	     30	     1e	arm_biquad_cascade_df2t_init_f16.o (ex ../../../../../CMSIS/ARM/Lib/ARM/libarm_cortexM4lf_math.a)
     30	      0	      0	     30	     1e	arm_biquad_cascade_df2t_init_f32.o (ex ../../../../../CMSIS/ARM/Lib/ARM/libarm_cortexM4lf_math.a)
     30	      0	      0	     30	     1e	arm_biquad_cascade_df2t_init_f64.o (ex ../../../../../CMSIS/ARM/Lib/ARM/libarm_cortexM4lf_math.a)
    404	      0	      0	    404	    194	arm_biquad_cascade_stereo_df2t_f16.o (ex ../../../../../CMSIS/ARM/Lib/ARM/libarm_cortexM4lf_math.a)
    194	      0	      0	    194	     c2	arm_biquad_cascade_stereo_df2t_f32.o (ex ../../../../../CMSIS/ARM/Lib/ARM/libarm_cortexM4lf_math.a)
     30	      0	      0	     30	     1e	arm_biquad_cascade_stereo_df2t_init_f16.o (ex ../../../../../CMSIS/ARM/Lib/ARM/libarm_cortexM4lf_math.a)
     30	      0	      0	     30	     1e	arm_biquad_cascade_stereo_df2t_init_f32.o (ex ../../../../../CMSIS/ARM/Lib/ARM/libarm_cortexM4lf_math.a)
    348	      0	      0	    348	    15c	arm_conv_f32.o (ex ../../../../../CMSIS/ARM/Lib/ARM/libarm_cortexM4lf_math.a)
    232	      0	      0	    232	     e8	arm_conv_fast_opt_q15.o (ex ../../../../../CMSIS/ARM/Lib/ARM/libarm_cortexM4lf_math.a)
   1056	      0	      0	   1056	    420	arm_conv_fast_q15.o (ex ../../../../../CMSIS/ARM/Lib/ARM/libarm_cortexM4lf_math.a)
    862	      0	      0	    862	    35e	arm_conv_fast_q31.o (ex ../../../../../CMSIS/ARM/Lib/ARM/libarm_cortexM4lf_math.a)
    244	      0	      0	    244	     f4	arm_conv_opt_q15.o (ex ../../../../../CMSIS/ARM/Lib/ARM/libarm_cortexM4lf_math.a)
    634	      0	      0	    634	    27a	arm_conv_opt_q7.o (ex ../../../../../CMSIS/ARM/Lib/ARM/libarm_cortexM4lf_math.a)
    492	      0	      0	    492	    1ec	arm_conv_partial_f32.o (ex ../../../../../CMSIS/ARM/Lib/ARM/libarm_cortexM4lf_math.a)
    254	      0	      0	    254	     fe	arm_conv_partial_fast_opt_q15.o (ex ../../../../../CMSIS/ARM/Lib/ARM/libarm_cortexM4lf_math.a)
   1204	      0	      0	   1204	    4b4	arm_conv_partial_fast_q15.o (ex ../../../../../CMSIS/ARM/Lib/ARM/libarm_cortexM4lf_math.a)
    434	      0	      0	    434	    1b2	arm_conv_partial_fast_q31.o (ex ../../../../../CMSIS/ARM/Lib/ARM/libarm_cortexM4lf_math.a)
    266	      0	      0	    266	    10a	arm_conv_partial_opt_q15.o (ex ../../../../../CMSIS/ARM/Lib/ARM/libarm_cortexM4lf_math.a)
    634	      0	      0	    634	    27a	arm_conv_partial_opt_q7.o (ex ../../../../../CMSIS/ARM/Lib/ARM/libarm_cortexM4lf_math.a)
   1414	      0	      0	   1414	    586	arm_conv_partial_q15.o (ex ../../../../../CMSIS/ARM/Lib/ARM/libarm_cortexM4lf_math.a)
    476	      0	      0	    476	    1dc	arm_conv_partial_q31.o (ex ../../../../../CMSIS/ARM/Lib/ARM/libarm_cortexM4lf_math.a)
    432	      0	      0	    432	    1b0	arm_conv_partial_q7.o (ex ../../../../../CMSIS/ARM/Lib/ARM/libarm_cortexM4lf_math.a)
   1300	      0	      0	   1300	    514	arm_conv_q15.o (ex ../../../../../CMSIS/ARM/Lib/ARM/libarm_cortexM4lf_math.a)
    348	      0	      0	    348	    15c	arm_conv_q31.o (ex ../../../../../CMSIS/ARM/Lib/ARM/libarm_cortexM4lf_math.a)
    304	      0	      0	    304	    130	arm_conv_q7.o (ex ../../../../../CMSIS/ARM/Lib/ARM/libarm_cortexM4lf_math.a)
    460	      0	      0	    460	    1cc	arm_correlate_f16.o (ex ../../../../../CMSIS/ARM/Lib/ARM/libarm_cortexM4lf_math.a)
    364	      0	      0	    364	    16c	arm_correlate_f32.o (ex ../../../../../CMSIS/ARM/Lib/ARM/libarm_cortexM4lf_math.a)
    512	      0	      0	    512	    200	arm_correlate_f64.o (ex ../../../../../CMSIS/ARM/Lib/ARM/libarm_cortexM4lf_math.a)
    236	      0	      0	    236	     ec	arm_correlate_fast_opt_q15.o (ex ../../../../../CMSIS/ARM/Lib/ARM/libarm_cortexM4lf_math.a)
    978	      0	      0	    978	    3d2	arm_correlate_fast_q15.o (ex ../../../../../CMSIS/ARM/Lib/ARM/libarm_cortexM4lf_math.a)
    944	      0	      0	    944	    3b0	arm_correlate_fast_q31.o (ex ../../../../../CMSIS/ARM/Lib/ARM/libarm_cortexM4lf_math.a)
    276	      0	      0	    276	    114	arm_correlate_opt_q15.o (ex ../../../../../CMSIS/ARM/Lib/ARM/libarm_cortexM4lf_math.a)
    678	      0	      0	    678	    2a6	arm_correlate_opt_q7.o (ex ../../../../../CMSIS/ARM/Lib/ARM/libarm_cortexM4lf_math.a)
   1078	      0	      0	   1078	    436	arm_correlate_q15.o (ex ../../../../../CMSIS/ARM/Lib/ARM/libarm_cortexM4lf_math.a)
    338	      0	      0	    338	    152	arm_correlate_q31.o (ex ../../../../../CMSIS/ARM/Lib/ARM/libarm_cortexM4lf_math.a)
    272	      0	      0	    272	    110	arm_correlate_q7.o (ex ../../../../../CMSIS/ARM/Lib/ARM/libarm_cortexM4lf_math.a)
    164	      0	      0	    164	     a4	arm_fir_decimate_f32.o (ex ../../../../../CMSIS/ARM/Lib/ARM/libarm_cortexM4lf_math.a)
    306	      0	      0	    306	    132	arm_fir_decimate_fast_q15.o (ex ../../../../../CMSIS/ARM/Lib/ARM/libarm_cortexM4lf_math.a)
    142	      0	      0	    142	     8e	arm_fir_decimate_fast_q31.o (ex ../../../../../CMSIS/ARM/Lib/ARM/libarm_cortexM4lf_math.a)
     66	      0	      0	     66	     42	arm_fir_decimate_init_f32.o (ex ../../../../../CMSIS/ARM/Lib/ARM/libarm_cortexM4lf_math.a)
     66	      0	      0	     66	     42	arm_fir_decimate_init_q15.o (ex ../../../../../CMSIS/ARM/Lib/ARM/libarm_cortexM4lf_math.a)
     66	      0	      0	     66	     42	arm_fir_decimate_init_q31.o (ex ../../../../../CMSIS/ARM/Lib/ARM/libarm_cortexM4lf_math.a)
    334	      0	      0	    334	    14e	arm_fir_decimate_q15.o (ex ../../../../../CMSIS/ARM/Lib/ARM/libarm_cortexM4lf_math.a)
    152	      0	      0	    152	     98	arm_fir_decimate_q31.o (ex ../../../../../CMSIS/ARM/Lib/ARM/libarm_cortexM4lf_math.a)
    164	      0	      0	    164	     a4	arm_fir_f16.o (ex ../../../../../CMSIS/ARM/Lib/ARM/libarm_cortexM4lf_math.a)
    144	      0	      0	    144	     90	arm_fir_f32.o (ex ../../../../../CMSIS/ARM/Lib/ARM/libarm_cortexM4lf_math.a)
    200	      0	      0	    200	     c8	arm_fir_f64.o (ex ../../../../../CMSIS/ARM/Lib/ARM/libarm_cortexM4lf_math.a)
    138	      0	      0	    138	     8a	arm_fir_fast_q15.o (ex ../../../../../CMSIS/ARM/Lib/ARM/libarm_cortexM4lf_math.a)
    118	      0	      0	    118	     76	arm_fir_fast_q31.o (ex ../../../../../CMSIS/ARM/Lib/ARM/libarm_cortexM4lf_math.a)
     40	      0	      0	     40	     28	arm_fir_init_f16.o (ex ../../../../../CMSIS/ARM/Lib/ARM/libarm_cortexM4lf_math.a)
     40	      0	      0	     40	     28	arm_fir_init_f32.o (ex ../../../../../CMSIS/ARM/Lib/ARM/libarm_cortexM4lf_math.a)
     40	      0	      0	     40	     28	arm_fir_init_f64.o (ex ../../../../../CMSIS/ARM/Lib/ARM/libarm_cortexM4lf_math.a)
     46	      0	      0	     46	     2e	arm_fir_init_q15.o (ex ../../../../../CMSIS/ARM/Lib/ARM/libarm_cortexM4lf_math.a)
     40	      0	      0	     40	     28	arm_fir_init_q31.o (ex ../../../../../CMSIS/ARM/Lib/ARM/libarm_cortexM4lf_math.a)
     34	      0	      0	     34	     22	arm_fir_init_q7.o (ex ../../../../../CMSIS/ARM/Lib/ARM/libarm_cortexM4lf_math.a)
    192	      0	      0	    192	     c0	arm_fir_interpolate_f32.o (ex ../../../../../CMSIS/ARM/Lib/ARM/libarm_cortexM4lf_math.a)
     62	      0	      0	     62	     3e	arm_fir_interpolate_init_f32.o (ex ../../../../../CMSIS/ARM/Lib/ARM/libarm_cortexM4lf_math.a)
     62	      0	      0	     62	     3e	arm_fir_interpolate_init_q15.o (ex ../../../../../CMSIS/ARM/Lib/ARM/libarm_cortexM4lf_math.a)
     62	      0	      0	     62	     3e	arm_fir_interpolate_init_q31.o (ex ../../../../../CMSIS/ARM/Lib/ARM/libarm_cortexM4lf_math.a)
    174	      0	      0	    174	     ae	arm_fir_interpolate_q15.o (ex ../../../../../CMSIS/ARM/Lib/ARM/libarm_cortexM4lf_math.a)
    170	      0	      0	    170	     aa	arm_fir_interpolate_q31.o (ex ../../../../../CMSIS/ARM/Lib/ARM/libarm_cortexM4lf_math.a)
    134	      0	      0	    134	     86	arm_fir_lattice_f32.o (ex ../../../../../CMSIS/ARM/Lib/ARM/libarm_cortexM4lf_math.a)
     30	      0	      0	     30	     1e	arm_fir_lattice_init_f32.o (ex ../../../../../CMSIS/ARM/Lib/ARM/libarm_cortexM4lf_math.a)
     30	      0	      0	     30	     1e	arm_fir_lattice_init_q15.o (ex ../../../../../CMSIS/ARM/Lib/ARM/libarm_cortexM4lf_math.a)
     30	      0	      0	     30	     1e	arm_fir_lattice_init_q31.o (ex ../../../../../CMSIS/ARM/Lib/ARM/libarm_cortexM4lf_math.a)
    160	      0	      0	    160	     a0	arm_fir_lattice_q15.o (ex ../../../../../CMSIS/ARM/Lib/ARM/libarm_cortexM4lf_math.a)
    140	      0	      0	    140	     8c	arm_fir_lattice_q31.o (ex ../../../../../CMSIS/ARM/Lib/ARM/libarm_cortexM4lf_math.a)
    164	      0	      0	    164	     a4	arm_fir_q15.o (ex ../../../../../CMSIS/ARM/Lib/ARM/libarm_cortexM4lf_math.a)
    122	      0	      0	    122	     7a	arm_fir_q31.o (ex ../../../../../CMSIS/ARM/Lib/ARM/libarm_cortexM4lf_math.a)
    130	      0	      0	    130	     82	arm_fir_q7.o (ex ../../../../../CMSIS/ARM/Lib/ARM/libarm_cortexM4lf_math.a)
    386	      0	      0	    386	    182	arm_fir_sparse_f32.o (ex ../../../../../CMSIS/ARM/Lib/ARM/libarm_cortexM4lf_math.a)
     50	      0	      0	     50	     32	arm_fir_sparse_init_f32.o (ex ../../../../../CMSIS/ARM/Lib/ARM/libarm_cortexM4lf_math.a)
     50	      0	      0	     50	     32	arm_fir_sparse_init_q15.o (ex ../../../../../CMSIS/ARM/Lib/ARM/libarm_cortexM4lf_math.a)
     50	      0	      0	     50	     32	arm_fir_sparse_init_q31.o (ex ../../../../../CMSIS/ARM/Lib/ARM/libarm_cortexM4lf_math.a)
     48	      0	      0	     48	     30	arm_fir_sparse_init_q7.o (ex ../../../../../CMSIS/ARM/Lib/ARM/libarm_cortexM4lf_math.a)
    406	      0	      0	    406	    196	arm_fir_sparse_q15.o (ex ../../../../../CMSIS/ARM/Lib/ARM/libarm_cortexM4lf_math.a)
    398	      0	      0	    398	    18e	arm_fir_sparse_q31.o (ex ../../../../../CMSIS/ARM/Lib/ARM/libarm_cortexM4lf_math.a)
    406	      0	      0	    406	    196	arm_fir_sparse_q7.o (ex ../../../../../CMSIS/ARM/Lib/ARM/libarm_cortexM4lf_math.a)
    204	      0	      0	    204	     cc	arm_iir_lattice_f32.o (ex ../../../../../CMSIS/ARM/Lib/ARM/libarm_cortexM4lf_math.a)
     36	      0	      0	     36	     24	arm_iir_lattice_init_f32.o (ex ../../../../../CMSIS/ARM/Lib/ARM/libarm_cortexM4lf_math.a)
     36	      0	      0	     36	     24	arm_iir_lattice_init_q15.o (ex ../../../../../CMSIS/ARM/Lib/ARM/libarm_cortexM4lf_math.a)
     36	      0	      0	     36	     24	arm_iir_lattice_init_q31.o (ex ../../../../../CMSIS/ARM/Lib/ARM/libarm_cortexM4lf_math.a)
    266	      0	      0	    266	    10a	arm_iir_lattice_q15.o (ex ../../../../../CMSIS/ARM/Lib/ARM/libarm_cortexM4lf_math.a)
    304	      0	      0	    304	    130	arm_iir_lattice_q31.o (ex ../../../../../CMSIS/ARM/Lib/ARM/libarm_cortexM4lf_math.a)
    524	      0	      0	    524	    20c	arm_levinson_durbin_f16.o (ex ../../../../../CMSIS/ARM/Lib/ARM/libarm_cortexM4lf_math.a)
    340	      0	      0	    340	    154	arm_levinson_durbin_f32.o (ex ../../../../../CMSIS/ARM/Lib/ARM/libarm_cortexM4lf_math.a)
    522	      0	      0	    522	    20a	arm_levinson_durbin_q31.o (ex ../../../../../CMSIS/ARM/Lib/ARM/libarm_cortexM4lf_math.a)
    228	      0	      0	    228	     e4	arm_lms_f32.o (ex ../../../../../CMSIS/ARM/Lib/ARM/libarm_cortexM4lf_math.a)
     56	      0	      0	     56	     38	arm_lms_init_f32.o (ex ../../../../../CMSIS/ARM/Lib/ARM/libarm_cortexM4lf_math.a)
     52	      0	      0	     52	     34	arm_lms_init_q15.o (ex ../../../../../CMSIS/ARM/Lib/ARM/libarm_cortexM4lf_math.a)
     52	      0	      0	     52	     34	arm_lms_init_q31.o (ex ../../../../../CMSIS/ARM/Lib/ARM/libarm_cortexM4lf_math.a)
    296	      0	      0	    296	    128	arm_lms_norm_f32.o (ex ../../../../../CMSIS/ARM/Lib/ARM/libarm_cortexM4lf_math.a)
     62	      0	      0	     62	     3e	arm_lms_norm_init_f32.o (ex ../../../../../CMSIS/ARM/Lib/ARM/libarm_cortexM4lf_math.a)
     66	      0	      0	     66	     42	arm_lms_norm_init_q15.o (ex ../../../../../CMSIS/ARM/Lib/ARM/libarm_cortexM4lf_math.a)
     68	      0	      0	     68	     44	arm_lms_norm_init_q31.o (ex ../../../../../CMSIS/ARM/Lib/ARM/libarm_cortexM4lf_math.a)
    418	      0	      0	    418	    1a2	arm_lms_norm_q15.o (ex ../../../../../CMSIS/ARM/Lib/ARM/libarm_cortexM4lf_math.a)
    618	      0	      0	    618	    26a	arm_lms_norm_q31.o (ex ../../../../../CMSIS/ARM/Lib/ARM/libarm_cortexM4lf_math.a)
    262	      0	      0	    262	    106	arm_lms_q15.o (ex ../../../../../CMSIS/ARM/Lib/ARM/libarm_cortexM4lf_math.a)
    294	      0	      0	    294	    126	arm_lms_q31.o (ex ../../../../../CMSIS/ARM/Lib/ARM/libarm_cortexM4lf_math.a)
    202	      0	      0	    202	     ca	arm_quaternion2rotation_f32.o (ex ../../../../../CMSIS/ARM/Lib/ARM/libarm_cortexM4lf_math.a)
     74	      0	      0	     74	     4a	arm_quaternion_conjugate_f32.o (ex ../../../../../CMSIS/ARM/Lib/ARM/libarm_cortexM4lf_math.a)
    130	      0	      0	    130	     82	arm_quaternion_inverse_f32.o (ex ../../../../../CMSIS/ARM/Lib/ARM/libarm_cortexM4lf_math.a)
    156	      0	      0	    156	     9c	arm_quaternion_normalize_f32.o (ex ../../../../../CMSIS/ARM/Lib/ARM/libarm_cortexM4lf_math.a)
    104	      0	      0	    104	     68	arm_quaternion_norm_f32.o (ex ../../../../../CMSIS/ARM/Lib/ARM/libarm_cortexM4lf_math.a)
     50	      0	      0	     50	     32	arm_quaternion_product_f32.o (ex ../../../../../CMSIS/ARM/Lib/ARM/libarm_cortexM4lf_math.a)
    266	      0	      0	    266	    10a	arm_quaternion_product_single_f32.o (ex ../../../../../CMSIS/ARM/Lib/ARM/libarm_cortexM4lf_math.a)
    546	      0	      0	    546	    222	arm_rotation2quaternion_f32.o (ex ../../../../../CMSIS/ARM/Lib/ARM/libarm_cortexM4lf_math.a)
    320	      0	      0	    320	    140	arm_gaussian_naive_bayes_predict_f16.o (ex ../../../../../CMSIS/ARM/Lib/ARM/libarm_cortexM4lf_math.a)
    224	      0	      0	    224	     e0	arm_gaussian_naive_bayes_predict_f32.o (ex ../../../../../CMSIS/ARM/Lib/ARM/libarm_cortexM4lf_math.a)
     64	      0	      0	     64	     40	arm_pid_init_f32.o (ex ../../../../../CMSIS/ARM/Lib/ARM/libarm_cortexM4lf_math.a)
     58	      0	      0	     58	     3a	arm_pid_init_q15.o (ex ../../../../../CMSIS/ARM/Lib/ARM/libarm_cortexM4lf_math.a)
     48	      0	      0	     48	     30	arm_pid_init_q31.o (ex ../../../../../CMSIS/ARM/Lib/ARM/libarm_cortexM4lf_math.a)
     18	      0	      0	     18	     12	arm_pid_reset_f32.o (ex ../../../../../CMSIS/ARM/Lib/ARM/libarm_cortexM4lf_math.a)
     16	      0	      0	     16	     10	arm_pid_reset_q15.o (ex ../../../../../CMSIS/ARM/Lib/ARM/libarm_cortexM4lf_math.a)
     18	      0	      0	     18	     12	arm_pid_reset_q31.o (ex ../../../../../CMSIS/ARM/Lib/ARM/libarm_cortexM4lf_math.a)
    312	      0	      0	    312	    138	arm_sin_cos_f32.o (ex ../../../../../CMSIS/ARM/Lib/ARM/libarm_cortexM4lf_math.a)
    618	      0	      0	    618	    26a	arm_sin_cos_q31.o (ex ../../../../../CMSIS/ARM/Lib/ARM/libarm_cortexM4lf_math.a)
    108	      0	      0	    108	     6c	arm_absmax_f16.o (ex ../../../../../CMSIS/ARM/Lib/ARM/libarm_cortexM4lf_math.a)
     78	      0	      0	     78	     4e	arm_absmax_f32.o (ex ../../../../../CMSIS/ARM/Lib/ARM/libarm_cortexM4lf_math.a)
    184	      0	      0	    184	     b8	arm_absmax_f64.o (ex ../../../../../CMSIS/ARM/Lib/ARM/libarm_cortexM4lf_math.a)
     82	      0	      0	     82	     52	arm_absmax_no_idx_f16.o (ex ../../../../../CMSIS/ARM/Lib/ARM/libarm_cortexM4lf_math.a)
     56	      0	      0	     56	     38	arm_absmax_no_idx_f32.o (ex ../../../../../CMSIS/ARM/Lib/ARM/libarm_cortexM4lf_math.a)
    120	      0	      0	    120	     78	arm_absmax_no_idx_f64.o (ex ../../../../../CMSIS/ARM/Lib/ARM/libarm_cortexM4lf_math.a)
    186	      0	      0	    186	     ba	arm_absmax_no_idx_q15.o (ex ../../../../../CMSIS/ARM/Lib/ARM/libarm_cortexM4lf_math.a)
    154	      0	      0	    154	     9a	arm_absmax_no_idx_q31.o (ex ../../../../../CMSIS/ARM/Lib/ARM/libarm_cortexM4lf_math.a)
    190	      0	      0	    190	     be	arm_absmax_no_idx_q7.o (ex ../../../../../CMSIS/ARM/Lib/ARM/libarm_cortexM4lf_math.a)
    258	      0	      0	    258	    102	arm_absmax_q15.o (ex ../../../../../CMSIS/ARM/Lib/ARM/libarm_cortexM4lf_math.a)
    206	      0	      0	    206	     ce	arm_absmax_q31.o (ex ../../../../../CMSIS/ARM/Lib/ARM/libarm_cortexM4lf_math.a)
    258	      0	      0	    258	    102	arm_absmax_q7.o (ex ../../../../../CMSIS/ARM/Lib/ARM/libarm_cortexM4lf_math.a)
    108	      0	      0	    108	     6c	arm_absmin_f16.o (ex ../../../../../CMSIS/ARM/Lib/ARM/libarm_cortexM4lf_math.a)
     78	      0	      0	     78	     4e	arm_absmin_f32.o (ex ../../../../../CMSIS/ARM/Lib/ARM/libarm_cortexM4lf_math.a)
    184	      0	      0	    184	     b8	arm_absmin_f64.o (ex ../../../../../CMSIS/ARM/Lib/ARM/libarm_cortexM4lf_math.a)
     82	      0	      0	     82	     52	arm_absmin_no_idx_f16.o (ex ../../../../../CMSIS/ARM/Lib/ARM/libarm_cortexM4lf_math.a)
     56	      0	      0	     56	     38	arm_absmin_no_idx_f32.o (ex ../../../../../CMSIS/ARM/Lib/ARM/libarm_cortexM4lf_math.a)
    120	      0	      0	    120	     78	arm_absmin_no_idx_f64.o (ex ../../../../../CMSIS/ARM/Lib/ARM/libarm_cortexM4lf_math.a)
    186	      0	      0	    186	     ba	arm_absmin_no_idx_q15.o (ex ../../../../../CMSIS/ARM/Lib/ARM/libarm_cortexM4lf_math.a)
    154	      0	      0	    154	     9a	arm_absmin_no_idx_q31.o (ex ../../../../../CMSIS/ARM/Lib/ARM/libarm_cortexM4lf_math.a)
    190	      0	      0	    190	     be	arm_absmin_no_idx_q7.o (ex ../../../../../CMSIS/ARM/Lib/ARM/libarm_cortexM4lf_math.a)
    258	      0	      0	    258	    102	arm_absmin_q15.o (ex ../../../../../CMSIS/ARM/Lib/ARM/libarm_cortexM4lf_math.a)
    206	      0	      0	    206	     ce	arm_absmin_q31.o (ex ../../../../../CMSIS/ARM/Lib/ARM/libarm_cortexM4lf_math.a)
    258	      0	      0	    258	    102	arm_absmin_q7.o (ex ../../../../../CMSIS/ARM/Lib/ARM/libarm_cortexM4lf_math.a)
     60	      0	      0	     60	     3c	arm_accumulate_f16.o (ex ../../../../../CMSIS/ARM/Lib/ARM/libarm_cortexM4lf_math.a)
     40	      0	      0	     40	     28	arm_accumulate_f32.o (ex ../../../../../CMSIS/ARM/Lib/ARM/libarm_cortexM4lf_math.a)
     72	      0	      0	     72	     48	arm_accumulate_f64.o (ex ../../../../../CMSIS/ARM/Lib/ARM/libarm_cortexM4lf_math.a)
    112	      0	      0	    112	     70	arm_entropy_f16.o (ex ../../../../../CMSIS/ARM/Lib/ARM/libarm_cortexM4lf_math.a)
     72	      0	      0	     72	     48	arm_entropy_f32.o (ex ../../../../../CMSIS/ARM/Lib/ARM/libarm_cortexM4lf_math.a)
    120	      0	      0	    120	     78	arm_entropy_f64.o (ex ../../../../../CMSIS/ARM/Lib/ARM/libarm_cortexM4lf_math.a)
    128	      0	      0	    128	     80	arm_kullback_leibler_f16.o (ex ../../../../../CMSIS/ARM/Lib/ARM/libarm_cortexM4lf_math.a)
     80	      0	      0	     80	     50	arm_kullback_leibler_f32.o (ex ../../../../../CMSIS/ARM/Lib/ARM/libarm_cortexM4lf_math.a)
    144	      0	      0	    144	     90	arm_kullback_leibler_f64.o (ex ../../../../../CMSIS/ARM/Lib/ARM/libarm_cortexM4lf_math.a)
     34	      0	      0	     34	     22	arm_logsumexp_dot_prod_f16.o (ex ../../../../../CMSIS/ARM/Lib/ARM/libarm_cortexM4lf_math.a)
     34	      0	      0	     34	     22	arm_logsumexp_dot_prod_f32.o (ex ../../../../../CMSIS/ARM/Lib/ARM/libarm_cortexM4lf_math.a)
    184	      0	      0	    184	     b8	arm_logsumexp_f16.o (ex ../../../../../CMSIS/ARM/Lib/ARM/libarm_cortexM4lf_math.a)
    112	      0	      0	    112	     70	arm_logsumexp_f32.o (ex ../../../../../CMSIS/ARM/Lib/ARM/libarm_cortexM4lf_math.a)
    100	      0	      0	    100	     64	arm_max_f16.o (ex ../../../../../CMSIS/ARM/Lib/ARM/libarm_cortexM4lf_math.a)
     70	      0	      0	     70	     46	arm_max_f32.o (ex ../../../../../CMSIS/ARM/Lib/ARM/libarm_cortexM4lf_math.a)
    144	      0	      0	    144	     90	arm_max_f64.o (ex ../../../../../CMSIS/ARM/Lib/ARM/libarm_cortexM4lf_math.a)
     72	      0	      0	     72	     48	arm_max_no_idx_f16.o (ex ../../../../../CMSIS/ARM/Lib/ARM/libarm_cortexM4lf_math.a)
     48	      0	      0	     48	     30	arm_max_no_idx_f32.o (ex ../../../../../CMSIS/ARM/Lib/ARM/libarm_cortexM4lf_math.a)
     96	      0	      0	     96	     60	arm_max_no_idx_f64.o (ex ../../../../../CMSIS/ARM/Lib/ARM/libarm_cortexM4lf_math.a)
     48	      0	      0	     48	     30	arm_max_no_idx_q15.o (ex ../../../../../CMSIS/ARM/Lib/ARM/libarm_cortexM4lf_math.a)
     34	      0	      0	     34	     22	arm_max_no_idx_q31.o (ex ../../../../../CMSIS/ARM/Lib/ARM/libarm_cortexM4lf_math.a)
     48	      0	      0	     48	     30	arm_max_no_idx_q7.o (ex ../../../../../CMSIS/ARM/Lib/ARM/libarm_cortexM4lf_math.a)
     62	      0	      0	     62	     3e	arm_max_q15.o (ex ../../../../../CMSIS/ARM/Lib/ARM/libarm_cortexM4lf_math.a)
     54	      0	      0	     54	     36	arm_max_q31.o (ex ../../../../../CMSIS/ARM/Lib/ARM/libarm_cortexM4lf_math.a)
     62	      0	      0	     62	     3e	arm_max_q7.o (ex ../../../../../CMSIS/ARM/Lib/ARM/libarm_cortexM4lf_math.a)
     92	      0	      0	     92	     5c	arm_mean_f16.o (ex ../../../../../CMSIS/ARM/Lib/ARM/libarm_cortexM4lf_math.a)
     52	      0	      0	     52	     34	arm_mean_f32.o (ex ../../../../../CMSIS/ARM/Lib/ARM/libarm_cortexM4lf_math.a)
    104	      0	      0	    104	     68	arm_mean_f64.o (ex ../../../../../CMSIS/ARM/Lib/ARM/libarm_cortexM4lf_math.a)
     38	      0	      0	     38	     26	arm_mean_q15.o (ex ../../../../../CMSIS/ARM/Lib/ARM/libarm_cortexM4lf_math.a)
     56	      0	      0	     56	     38	arm_mean_q31.o (ex ../../../../../CMSIS/ARM/Lib/ARM/libarm_cortexM4lf_math.a)
     38	      0	      0	     38	     26	arm_mean_q7.o (ex ../../../../../CMSIS/ARM/Lib/ARM/libarm_cortexM4lf_math.a)
    100	      0	      0	    100	     64	arm_min_f16.o (ex ../../../../../CMSIS/ARM/Lib/ARM/libarm_cortexM4lf_math.a)
     70	      0	      0	     70	     46	arm_min_f32.o (ex ../../../../../CMSIS/ARM/Lib/ARM/libarm_cortexM4lf_math.a)
    144	      0	      0	    144	     90	arm_min_f64.o (ex ../../../../../CMSIS/ARM/Lib/ARM/libarm_cortexM4lf_math.a)
     72	      0	      0	     72	     48	arm_min_no_idx_f16.o (ex ../../../../../CMSIS/ARM/Lib/ARM/libarm_cortexM4lf_math.a)
     48	      0	      0	     48	     30	arm_min_no_idx_f32.o (ex ../../../../../CMSIS/ARM/Lib/ARM/libarm_cortexM4lf_math.a)
     96	      0	      0	     96	     60	arm_min_no_idx_f64.o (ex ../../../../../CMSIS/ARM/Lib/ARM/libarm_cortexM4lf_math.a)
     48	      0	      0	     48	     30	arm_min_no_idx_q15.o (ex ../../../../../CMSIS/ARM/Lib/ARM/libarm_cortexM4lf_math.a)
     34	      0	      0	     34	     22	arm_min_no_idx_q31.o (ex ../../../../../CMSIS/ARM/Lib/ARM/libarm_cortexM4lf_math.a)
     48	      0	      0	     48	     30	arm_min_no_idx_q7.o (ex ../../../../../CMSIS/ARM/Lib/ARM/libarm_cortexM4lf_math.a)
     62	      0	      0	     62	     3e	arm_min_q15.o (ex ../../../../../CMSIS/ARM/Lib/ARM/libarm_cortexM4lf_math.a)
     54	      0	      0	     54	     36	arm_min_q31.o (ex ../../../../../CMSIS/ARM/Lib/ARM/libarm_cortexM4lf_math.a)
     62	      0	      0	     62	     3e	arm_min_q7.o (ex ../../../../../CMSIS/ARM/Lib/ARM/libarm_cortexM4lf_math.a)
    116	      0	      0	    116	     74	arm_mse_f16.o (ex ../../../../../CMSIS/ARM/Lib/ARM/libarm_cortexM4lf_math.a)
     64	      0	      0	     64	     40	arm_mse_f32.o (ex ../../../../../CMSIS/ARM/Lib/ARM/libarm_cortexM4lf_math.a)
    128	      0	      0	    128	     80	arm_mse_f64.o (ex ../../../../../CMSIS/ARM/Lib/ARM/libarm_cortexM4lf_math.a)
     82	      0	      0	     82	     52	arm_mse_q15.o (ex ../../../../../CMSIS/ARM/Lib/ARM/libarm_cortexM4lf_math.a)
     88	      0	      0	     88	     58	arm_mse_q31.o (ex ../../../../../CMSIS/ARM/Lib/ARM/libarm_cortexM4lf_math.a)
     64	      0	      0	     64	     40	arm_mse_q7.o (ex ../../../../../CMSIS/ARM/Lib/ARM/libarm_cortexM4lf_math.a)
     64	      0	      0	     64	     40	arm_power_f16.o (ex ../../../../../CMSIS/ARM/Lib/ARM/libarm_cortexM4lf_math.a)
     44	      0	      0	     44	     2c	arm_power_f32.o (ex ../../../../../CMSIS/ARM/Lib/ARM/libarm_cortexM4lf_math.a)
     88	      0	      0	     88	     58	arm_power_f64.o (ex ../../../../../CMSIS/ARM/Lib/ARM/libarm_cortexM4lf_math.a)
     44	      0	      0	     44	     2c	arm_power_q15.o (ex ../../../../../CMSIS/ARM/Lib/ARM/libarm_cortexM4lf_math.a)
     54	      0	      0	     54	     36	arm_power_q31.o (ex ../../../../../CMSIS/ARM/Lib/ARM/libarm_cortexM4lf_math.a)
     28	      0	      0	     28	     1c	arm_power_q7.o (ex ../../../../../CMSIS/ARM/Lib/ARM/libarm_cortexM4lf_math.a)
    124	      0	      0	    124	     7c	arm_rms_f16.o (ex ../../../../../CMSIS/ARM/Lib/ARM/libarm_cortexM4lf_math.a)
     80	      0	      0	     80	     50	arm_rms_f32.o (ex ../../../../../CMSIS/ARM/Lib/ARM/libarm_cortexM4lf_math.a)
     76	      0	      0	     76	     4c	arm_rms_q15.o (ex ../../../../../CMSIS/ARM/Lib/ARM/libarm_cortexM4lf_math.a)
     76	      0	      0	     76	     4c	arm_rms_q31.o (ex ../../../../../CMSIS/ARM/Lib/ARM/libarm_cortexM4lf_math.a)
     80	      0	      0	     80	     50	arm_std_f16.o (ex ../../../../../CMSIS/ARM/Lib/ARM/libarm_cortexM4lf_math.a)
     56	      0	      0	     56	     38	arm_std_f32.o (ex ../../../../../CMSIS/ARM/Lib/ARM/libarm_cortexM4lf_math.a)
     36	      0	      0	     36	     24	arm_std_f64.o (ex ../../../../../CMSIS/ARM/Lib/ARM/libarm_cortexM4lf_math.a)
    106	      0	      0	    106	     6a	arm_std_q15.o (ex ../../../../../CMSIS/ARM/Lib/ARM/libarm_cortexM4lf_math.a)
    136	      0	      0	    136	     88	arm_std_q31.o (ex ../../../../../CMSIS/ARM/Lib/ARM/libarm_cortexM4lf_math.a)
    180	      0	      0	    180	     b4	arm_var_f16.o (ex ../../../../../CMSIS/ARM/Lib/ARM/libarm_cortexM4lf_math.a)
    100	      0	      0	    100	     64	arm_var_f32.o (ex ../../../../../CMSIS/ARM/Lib/ARM/libarm_cortexM4lf_math.a)
    168	      0	      0	    168	     a8	arm_var_f64.o (ex ../../../../../CMSIS/ARM/Lib/ARM/libarm_cortexM4lf_math.a)
     88	      0	      0	     88	     58	arm_var_q15.o (ex ../../../../../CMSIS/ARM/Lib/ARM/libarm_cortexM4lf_math.a)
    126	      0	      0	    126	     7e	arm_var_q31.o (ex ../../../../../CMSIS/ARM/Lib/ARM/libarm_cortexM4lf_math.a)
     54	      0	      0	     54	     36	arm_cmplx_conj_f16.o (ex ../../../../../CMSIS/ARM/Lib/ARM/libarm_cortexM4lf_math.a)
     42	      0	      0	     42	     2a	arm_cmplx_conj_f32.o (ex ../../../../../CMSIS/ARM/Lib/ARM/libarm_cortexM4lf_math.a)
     42	      0	      0	     42	     2a	arm_cmplx_conj_q15.o (ex ../../../../../CMSIS/ARM/Lib/ARM/libarm_cortexM4lf_math.a)
     42	      0	      0	     42	     2a	arm_cmplx_conj_q31.o (ex ../../../../../CMSIS/ARM/Lib/ARM/libarm_cortexM4lf_math.a)
    164	      0	      0	    164	     a4	arm_cmplx_dot_prod_f16.o (ex ../../../../../CMSIS/ARM/Lib/ARM/libarm_cortexM4lf_math.a)
    108	      0	      0	    108	     6c	arm_cmplx_dot_prod_f32.o (ex ../../../../../CMSIS/ARM/Lib/ARM/libarm_cortexM4lf_math.a)
    102	      0	      0	    102	     66	arm_cmplx_dot_prod_q15.o (ex ../../../../../CMSIS/ARM/Lib/ARM/libarm_cortexM4lf_math.a)
    162	      0	      0	    162	     a2	arm_cmplx_dot_prod_q31.o (ex ../../../../../CMSIS/ARM/Lib/ARM/libarm_cortexM4lf_math.a)
     70	      0	      0	     70	     46	arm_cmplx_mag_f16.o (ex ../../../../../CMSIS/ARM/Lib/ARM/libarm_cortexM4lf_math.a)
     50	      0	      0	     50	     32	arm_cmplx_mag_f32.o (ex ../../../../../CMSIS/ARM/Lib/ARM/libarm_cortexM4lf_math.a)
     96	      0	      0	     96	     60	arm_cmplx_mag_f64.o (ex ../../../../../CMSIS/ARM/Lib/ARM/libarm_cortexM4lf_math.a)
     40	      0	      0	     40	     28	arm_cmplx_mag_fast_q15.o (ex ../../../../../CMSIS/ARM/Lib/ARM/libarm_cortexM4lf_math.a)
     56	      0	      0	     56	     38	arm_cmplx_mag_q15.o (ex ../../../../../CMSIS/ARM/Lib/ARM/libarm_cortexM4lf_math.a)
     48	      0	      0	     48	     30	arm_cmplx_mag_q31.o (ex ../../../../../CMSIS/ARM/Lib/ARM/libarm_cortexM4lf_math.a)
     66	      0	      0	     66	     42	arm_cmplx_mag_squared_f16.o (ex ../../../../../CMSIS/ARM/Lib/ARM/libarm_cortexM4lf_math.a)
     46	      0	      0	     46	     2e	arm_cmplx_mag_squared_f32.o (ex ../../../../../CMSIS/ARM/Lib/ARM/libarm_cortexM4lf_math.a)
     92	      0	      0	     92	     5c	arm_cmplx_mag_squared_f64.o (ex ../../../../../CMSIS/ARM/Lib/ARM/libarm_cortexM4lf_math.a)
     34	      0	      0	     34	     22	arm_cmplx_mag_squared_q15.o (ex ../../../../../CMSIS/ARM/Lib/ARM/libarm_cortexM4lf_math.a)
     42	      0	      0	     42	     2a	arm_cmplx_mag_squared_q31.o (ex ../../../../../CMSIS/ARM/Lib/ARM/libarm_cortexM4lf_math.a)
    114	      0	      0	    114	     72	arm_cmplx_mult_cmplx_f16.o (ex ../../../../../CMSIS/ARM/Lib/ARM/libarm_cortexM4lf_math.a)
     78	      0	      0	     78	     4e	arm_cmplx_mult_cmplx_f32.o (ex ../../../../../CMSIS/ARM/Lib/ARM/libarm_cortexM4lf_math.a)
    184	      0	      0	    184	     b8	arm_cmplx_mult_cmplx_f64.o (ex ../../../../../CMSIS/ARM/Lib/ARM/libarm_cortexM4lf_math.a)
     70	      0	      0	     70	     46	arm_cmplx_mult_cmplx_q15.o (ex ../../../../../CMSIS/ARM/Lib/ARM/libarm_cortexM4lf_math.a)
     62	      0	      0	     62	     3e	arm_cmplx_mult_cmplx_q31.o (ex ../../../../../CMSIS/ARM/Lib/ARM/libarm_cortexM4lf_math.a)
     86	      0	      0	     86	     56	arm_cmplx_mult_real_f16.o (ex ../../../../../CMSIS/ARM/Lib/ARM/libarm_cortexM4lf_math.a)
     54	      0	      0	     54	     36	arm_cmplx_mult_real_f32.o (ex ../../../../../CMSIS/ARM/Lib/ARM/libarm_cortexM4lf_math.a)
     54	      0	      0	     54	     36	arm_cmplx_mult_real_q15.o (ex ../../../../../CMSIS/ARM/Lib/ARM/libarm_cortexM4lf_math.a)
     70	      0	      0	     70	     46	arm_cmplx_mult_real_q31.o (ex ../../../../../CMSIS/ARM/Lib/ARM/libarm_cortexM4lf_math.a)
    280	      0	      0	    280	    118	arm_householder_f16.o (ex ../../../../../CMSIS/ARM/Lib/ARM/libarm_cortexM4lf_math.a)
    192	      0	      0	    192	     c0	arm_householder_f32.o (ex ../../../../../CMSIS/ARM/Lib/ARM/libarm_cortexM4lf_math.a)
    328	      0	      0	    328	    148	arm_householder_f64.o (ex ../../../../../CMSIS/ARM/Lib/ARM/libarm_cortexM4lf_math.a)
     82	      0	      0	     82	     52	arm_mat_add_f16.o (ex ../../../../../CMSIS/ARM/Lib/ARM/libarm_cortexM4lf_math.a)
     52	      0	      0	     52	     34	arm_mat_add_f32.o (ex ../../../../../CMSIS/ARM/Lib/ARM/libarm_cortexM4lf_math.a)
     58	      0	      0	     58	     3a	arm_mat_add_q15.o (ex ../../../../../CMSIS/ARM/Lib/ARM/libarm_cortexM4lf_math.a)
     58	      0	      0	     58	     3a	arm_mat_add_q31.o (ex ../../../../../CMSIS/ARM/Lib/ARM/libarm_cortexM4lf_math.a)
    334	      0	      0	    334	    14e	arm_mat_cholesky_f16.o (ex ../../../../../CMSIS/ARM/Lib/ARM/libarm_cortexM4lf_math.a)
    254	      0	      0	    254	     fe	arm_mat_cholesky_f32.o (ex ../../../../../CMSIS/ARM/Lib/ARM/libarm_cortexM4lf_math.a)
    336	      0	      0	    336	    150	arm_mat_cholesky_f64.o (ex ../../../../../CMSIS/ARM/Lib/ARM/libarm_cortexM4lf_math.a)
    268	      0	      0	    268	    10c	arm_mat_cmplx_mult_f16.o (ex ../../../../../CMSIS/ARM/Lib/ARM/libarm_cortexM4lf_math.a)
    196	      0	      0	    196	     c4	arm_mat_cmplx_mult_f32.o (ex ../../../../../CMSIS/ARM/Lib/ARM/libarm_cortexM4lf_math.a)
    374	      0	      0	    374	    176	arm_mat_cmplx_mult_q15.o (ex ../../../../../CMSIS/ARM/Lib/ARM/libarm_cortexM4lf_math.a)
    352	      0	      0	    352	    160	arm_mat_cmplx_mult_q31.o (ex ../../../../../CMSIS/ARM/Lib/ARM/libarm_cortexM4lf_math.a)
     76	      0	      0	     76	     4c	arm_mat_cmplx_trans_f16.o (ex ../../../../../CMSIS/ARM/Lib/ARM/libarm_cortexM4lf_math.a)
     84	      0	      0	     84	     54	arm_mat_cmplx_trans_f32.o (ex ../../../../../CMSIS/ARM/Lib/ARM/libarm_cortexM4lf_math.a)
     80	      0	      0	     80	     50	arm_mat_cmplx_trans_q15.o (ex ../../../../../CMSIS/ARM/Lib/ARM/libarm_cortexM4lf_math.a)
     84	      0	      0	     84	     54	arm_mat_cmplx_trans_q31.o (ex ../../../../../CMSIS/ARM/Lib/ARM/libarm_cortexM4lf_math.a)
     16	      0	      0	     16	     10	arm_mat_init_f16.o (ex ../../../../../CMSIS/ARM/Lib/ARM/libarm_cortexM4lf_math.a)
     16	      0	      0	     16	     10	arm_mat_init_f32.o (ex ../../../../../CMSIS/ARM/Lib/ARM/libarm_cortexM4lf_math.a)
     16	      0	      0	     16	     10	arm_mat_init_f64.o (ex ../../../../../CMSIS/ARM/Lib/ARM/libarm_cortexM4lf_math.a)
     16	      0	      0	     16	     10	arm_mat_init_q15.o (ex ../../../../../CMSIS/ARM/Lib/ARM/libarm_cortexM4lf_math.a)
     16	      0	      0	     16	     10	arm_mat_init_q31.o (ex ../../../../../CMSIS/ARM/Lib/ARM/libarm_cortexM4lf_math.a)
   1060	      0	      0	   1060	    424	arm_mat_inverse_f16.o (ex ../../../../../CMSIS/ARM/Lib/ARM/libarm_cortexM4lf_math.a)
    824	      0	      0	    824	    338	arm_mat_inverse_f32.o (ex ../../../../../CMSIS/ARM/Lib/ARM/libarm_cortexM4lf_math.a)
   1208	      0	      0	   1208	    4b8	arm_mat_inverse_f64.o (ex ../../../../../CMSIS/ARM/Lib/ARM/libarm_cortexM4lf_math.a)
    564	      0	      0	    564	    234	arm_mat_ldlt_f32.o (ex ../../../../../CMSIS/ARM/Lib/ARM/libarm_cortexM4lf_math.a)
    760	      0	      0	    760	    2f8	arm_mat_ldlt_f64.o (ex ../../../../../CMSIS/ARM/Lib/ARM/libarm_cortexM4lf_math.a)
    160	      0	      0	    160	     a0	arm_mat_mult_f16.o (ex ../../../../../CMSIS/ARM/Lib/ARM/libarm_cortexM4lf_math.a)
    136	      0	      0	    136	     88	arm_mat_mult_f32.o (ex ../../../../../CMSIS/ARM/Lib/ARM/libarm_cortexM4lf_math.a)
    240	      0	      0	    240	     f0	arm_mat_mult_f64.o (ex ../../../../../CMSIS/ARM/Lib/ARM/libarm_cortexM4lf_math.a)
    892	      0	      0	    892	    37c	arm_mat_mult_fast_q15.o (ex ../../../../../CMSIS/ARM/Lib/ARM/libarm_cortexM4lf_math.a)
    472	      0	      0	    472	    1d8	arm_mat_mult_fast_q31.o (ex ../../../../../CMSIS/ARM/Lib/ARM/libarm_cortexM4lf_math.a)
    120	      0	      0	    120	     78	arm_mat_mult_opt_q31.o (ex ../../../../../CMSIS/ARM/Lib/ARM/libarm_cortexM4lf_math.a)
    258	      0	      0	    258	    102	arm_mat_mult_q15.o (ex ../../../../../CMSIS/ARM/Lib/ARM/libarm_cortexM4lf_math.a)
    120	      0	      0	    120	     78	arm_mat_mult_q31.o (ex ../../../../../CMSIS/ARM/Lib/ARM/libarm_cortexM4lf_math.a)
    134	      0	      0	    134	     86	arm_mat_mult_q7.o (ex ../../../../../CMSIS/ARM/Lib/ARM/libarm_cortexM4lf_math.a)
   1790	      0	      0	   1790	    6fe	arm_mat_qr_f16.o (ex ../../../../../CMSIS/ARM/Lib/ARM/libarm_cortexM4lf_math.a)
   1508	      0	      0	   1508	    5e4	arm_mat_qr_f32.o (ex ../../../../../CMSIS/ARM/Lib/ARM/libarm_cortexM4lf_math.a)
   1996	      0	      0	   1996	    7cc	arm_mat_qr_f64.o (ex ../../../../../CMSIS/ARM/Lib/ARM/libarm_cortexM4lf_math.a)
     68	      0	      0	     68	     44	arm_mat_scale_f16.o (ex ../../../../../CMSIS/ARM/Lib/ARM/libarm_cortexM4lf_math.a)
     40	      0	      0	     40	     28	arm_mat_scale_f32.o (ex ../../../../../CMSIS/ARM/Lib/ARM/libarm_cortexM4lf_math.a)
     66	      0	      0	     66	     42	arm_mat_scale_q15.o (ex ../../../../../CMSIS/ARM/Lib/ARM/libarm_cortexM4lf_math.a)
     78	      0	      0	     78	     4e	arm_mat_scale_q31.o (ex ../../../../../CMSIS/ARM/Lib/ARM/libarm_cortexM4lf_math.a)
    250	      0	      0	    250	     fa	arm_mat_solve_lower_triangular_f16.o (ex ../../../../../CMSIS/ARM/Lib/ARM/libarm_cortexM4lf_math.a)
    186	      0	      0	    186	     ba	arm_mat_solve_lower_triangular_f32.o (ex ../../../../../CMSIS/ARM/Lib/ARM/libarm_cortexM4lf_math.a)
    288	      0	      0	    288	    120	arm_mat_solve_lower_triangular_f64.o (ex ../../../../../CMSIS/ARM/Lib/ARM/libarm_cortexM4lf_math.a)
    280	      0	      0	    280	    118	arm_mat_solve_upper_triangular_f16.o (ex ../../../../../CMSIS/ARM/Lib/ARM/libarm_cortexM4lf_math.a)
    222	      0	      0	    222	     de	arm_mat_solve_upper_triangular_f32.o (ex ../../../../../CMSIS/ARM/Lib/ARM/libarm_cortexM4lf_math.a)
    312	      0	      0	    312	    138	arm_mat_solve_upper_triangular_f64.o (ex ../../../../../CMSIS/ARM/Lib/ARM/libarm_cortexM4lf_math.a)
     82	      0	      0	     82	     52	arm_mat_sub_f16.o (ex ../../../../../CMSIS/ARM/Lib/ARM/libarm_cortexM4lf_math.a)
     52	      0	      0	     52	     34	arm_mat_sub_f32.o (ex ../../../../../CMSIS/ARM/Lib/ARM/libarm_cortexM4lf_math.a)
     90	      0	      0	     90	     5a	arm_mat_sub_f64.o (ex ../../../../../CMSIS/ARM/Lib/ARM/libarm_cortexM4lf_math.a)
     58	      0	      0	     58	     3a	arm_mat_sub_q15.o (ex ../../../../../CMSIS/ARM/Lib/ARM/libarm_cortexM4lf_math.a)
     58	      0	      0	     58	     3a	arm_mat_sub_q31.o (ex ../../../../../CMSIS/ARM/Lib/ARM/libarm_cortexM4lf_math.a)
     66	      0	      0	     66	     42	arm_mat_trans_f16.o (ex ../../../../../CMSIS/ARM/Lib/ARM/libarm_cortexM4lf_math.a)
     66	      0	      0	     66	     42	arm_mat_trans_f32.o (ex ../../../../../CMSIS/ARM/Lib/ARM/libarm_cortexM4lf_math.a)
    114	      0	      0	    114	     72	arm_mat_trans_f64.o (ex ../../../../../CMSIS/ARM/Lib/ARM/libarm_cortexM4lf_math.a)
     66	      0	      0	     66	     42	arm_mat_trans_q15.o (ex ../../../../../CMSIS/ARM/Lib/ARM/libarm_cortexM4lf_math.a)
     66	      0	      0	     66	     42	arm_mat_trans_q31.o (ex ../../../../../CMSIS/ARM/Lib/ARM/libarm_cortexM4lf_math.a)
     68	      0	      0	     68	     44	arm_mat_trans_q7.o (ex ../../../../../CMSIS/ARM/Lib/ARM/libarm_cortexM4lf_math.a)
    500	      0	      0	    500	    1f4	arm_mat_vec_mult_f16.o (ex ../../../../../CMSIS/ARM/Lib/ARM/libarm_cortexM4lf_math.a)
    364	      0	      0	    364	    16c	arm_mat_vec_mult_f32.o (ex ../../../../../CMSIS/ARM/Lib/ARM/libarm_cortexM4lf_math.a)
    566	      0	      0	    566	    236	arm_mat_vec_mult_q15.o (ex ../../../../../CMSIS/ARM/Lib/ARM/libarm_cortexM4lf_math.a)
    380	      0	      0	    380	    17c	arm_mat_vec_mult_q31.o (ex ../../../../../CMSIS/ARM/Lib/ARM/libarm_cortexM4lf_math.a)
    546	      0	      0	    546	    222	arm_mat_vec_mult_q7.o (ex ../../../../../CMSIS/ARM/Lib/ARM/libarm_cortexM4lf_math.a)
    914	      0	      0	    914	    392	arm_atan2_f16.o (ex ../../../../../CMSIS/ARM/Lib/ARM/libarm_cortexM4lf_math.a)
    612	      0	      0	    612	    264	arm_atan2_f32.o (ex ../../../../../CMSIS/ARM/Lib/ARM/libarm_cortexM4lf_math.a)
    666	      0	      0	    666	    29a	arm_atan2_q15.o (ex ../../../../../CMSIS/ARM/Lib/ARM/libarm_cortexM4lf_math.a)
   1398	      0	      0	   1398	    576	arm_atan2_q31.o (ex ../../../../../CMSIS/ARM/Lib/ARM/libarm_cortexM4lf_math.a)
    156	      0	      0	    156	     9c	arm_cos_f32.o (ex ../../../../../CMSIS/ARM/Lib/ARM/libarm_cortexM4lf_math.a)
     84	      0	      0	     84	     54	arm_cos_q15.o (ex ../../../../../CMSIS/ARM/Lib/ARM/libarm_cortexM4lf_math.a)
     74	      0	      0	     74	     4a	arm_cos_q31.o (ex ../../../../../CMSIS/ARM/Lib/ARM/libarm_cortexM4lf_math.a)
    116	      0	      0	    116	     74	arm_divide_q15.o (ex ../../../../../CMSIS/ARM/Lib/ARM/libarm_cortexM4lf_math.a)
    148	      0	      0	    148	     94	arm_divide_q31.o (ex ../../../../../CMSIS/ARM/Lib/ARM/libarm_cortexM4lf_math.a)
    148	      0	      0	    148	     94	arm_sin_f32.o (ex ../../../../../CMSIS/ARM/Lib/ARM/libarm_cortexM4lf_math.a)
     70	      0	      0	     70	     46	arm_sin_q15.o (ex ../../../../../CMSIS/ARM/Lib/ARM/libarm_cortexM4lf_math.a)
     66	      0	      0	     66	     42	arm_sin_q31.o (ex ../../../../../CMSIS/ARM/Lib/ARM/libarm_cortexM4lf_math.a)
    180	      0	      0	    180	     b4	arm_sqrt_q15.o (ex ../../../../../CMSIS/ARM/Lib/ARM/libarm_cortexM4lf_math.a)
    198	      0	      0	    198	     c6	arm_sqrt_q31.o (ex ../../../../../CMSIS/ARM/Lib/ARM/libarm_cortexM4lf_math.a)
     54	      0	      0	     54	     36	arm_vexp_f16.o (ex ../../../../../CMSIS/ARM/Lib/ARM/libarm_cortexM4lf_math.a)
     38	      0	      0	     38	     26	arm_vexp_f32.o (ex ../../../../../CMSIS/ARM/Lib/ARM/libarm_cortexM4lf_math.a)
     40	      0	      0	     40	     28	arm_vexp_f64.o (ex ../../../../../CMSIS/ARM/Lib/ARM/libarm_cortexM4lf_math.a)
     50	      0	      0	     50	     32	arm_vinverse_f16.o (ex ../../../../../CMSIS/ARM/Lib/ARM/libarm_cortexM4lf_math.a)
    310	      0	      0	    310	    136	arm_vlog_f16.o (ex ../../../../../CMSIS/ARM/Lib/ARM/libarm_cortexM4lf_math.a)
     38	      0	      0	     38	     26	arm_vlog_f32.o (ex ../../../../../CMSIS/ARM/Lib/ARM/libarm_cortexM4lf_math.a)
     40	      0	      0	     40	     28	arm_vlog_f64.o (ex ../../../../../CMSIS/ARM/Lib/ARM/libarm_cortexM4lf_math.a)
    114	      0	      0	    114	     72	arm_vlog_q15.o (ex ../../../../../CMSIS/ARM/Lib/ARM/libarm_cortexM4lf_math.a)
    114	      0	      0	    114	     72	arm_vlog_q31.o (ex ../../../../../CMSIS/ARM/Lib/ARM/libarm_cortexM4lf_math.a)
     76	      0	      0	     76	     4c	arm_bartlett_f32.o (ex ../../../../../CMSIS/ARM/Lib/ARM/libarm_cortexM4lf_math.a)
    200	      0	      0	    200	     c8	arm_bartlett_f64.o (ex ../../../../../CMSIS/ARM/Lib/ARM/libarm_cortexM4lf_math.a)
    164	      0	      0	    164	     a4	arm_blackman_harris_92db_f32.o (ex ../../../../../CMSIS/ARM/Lib/ARM/libarm_cortexM4lf_math.a)
    416	      0	      0	    416	    1a0	arm_blackman_harris_92db_f64.o (ex ../../../../../CMSIS/ARM/Lib/ARM/libarm_cortexM4lf_math.a)
    108	      0	      0	    108	     6c	arm_hamming_f32.o (ex ../../../../../CMSIS/ARM/Lib/ARM/libarm_cortexM4lf_math.a)
    232	      0	      0	    232	     e8	arm_hamming_f64.o (ex ../../../../../CMSIS/ARM/Lib/ARM/libarm_cortexM4lf_math.a)
    100	      0	      0	    100	     64	arm_hanning_f32.o (ex ../../../../../CMSIS/ARM/Lib/ARM/libarm_cortexM4lf_math.a)
    216	      0	      0	    216	     d8	arm_hanning_f64.o (ex ../../../../../CMSIS/ARM/Lib/ARM/libarm_cortexM4lf_math.a)
    216	      0	      0	    216	     d8	arm_hft116d_f32.o (ex ../../../../../CMSIS/ARM/Lib/ARM/libarm_cortexM4lf_math.a)
    520	      0	      0	    520	    208	arm_hft116d_f64.o (ex ../../../../../CMSIS/ARM/Lib/ARM/libarm_cortexM4lf_math.a)
    244	      0	      0	    244	     f4	arm_hft144d_f32.o (ex ../../../../../CMSIS/ARM/Lib/ARM/libarm_cortexM4lf_math.a)
    584	      0	      0	    584	    248	arm_hft144d_f64.o (ex ../../../../../CMSIS/ARM/Lib/ARM/libarm_cortexM4lf_math.a)
    272	      0	      0	    272	    110	arm_hft169d_f32.o (ex ../../../../../CMSIS/ARM/Lib/ARM/libarm_cortexM4lf_math.a)
    656	      0	      0	    656	    290	arm_hft169d_f64.o (ex ../../../../../CMSIS/ARM/Lib/ARM/libarm_cortexM4lf_math.a)
    300	      0	      0	    300	    12c	arm_hft196d_f32.o (ex ../../../../../CMSIS/ARM/Lib/ARM/libarm_cortexM4lf_math.a)
    720	      0	      0	    720	    2d0	arm_hft196d_f64.o (ex ../../../../../CMSIS/ARM/Lib/ARM/libarm_cortexM4lf_math.a)
    332	      0	      0	    332	    14c	arm_hft223d_f32.o (ex ../../../../../CMSIS/ARM/Lib/ARM/libarm_cortexM4lf_math.a)
    792	      0	      0	    792	    318	arm_hft223d_f64.o (ex ../../../../../CMSIS/ARM/Lib/ARM/libarm_cortexM4lf_math.a)
    360	      0	      0	    360	    168	arm_hft248d_f32.o (ex ../../../../../CMSIS/ARM/Lib/ARM/libarm_cortexM4lf_math.a)
    856	      0	      0	    856	    358	arm_hft248d_f64.o (ex ../../../../../CMSIS/ARM/Lib/ARM/libarm_cortexM4lf_math.a)
    188	      0	      0	    188	     bc	arm_hft90d_f32.o (ex ../../../../../CMSIS/ARM/Lib/ARM/libarm_cortexM4lf_math.a)
    448	      0	      0	    448	    1c0	arm_hft90d_f64.o (ex ../../../../../CMSIS/ARM/Lib/ARM/libarm_cortexM4lf_math.a)
    188	      0	      0	    188	     bc	arm_hft95_f32.o (ex ../../../../../CMSIS/ARM/Lib/ARM/libarm_cortexM4lf_math.a)
    448	      0	      0	    448	    1c0	arm_hft95_f64.o (ex ../../../../../CMSIS/ARM/Lib/ARM/libarm_cortexM4lf_math.a)
    132	      0	      0	    132	     84	arm_nuttall3a_f32.o (ex ../../../../../CMSIS/ARM/Lib/ARM/libarm_cortexM4lf_math.a)
    312	      0	      0	    312	    138	arm_nuttall3a_f64.o (ex ../../../../../CMSIS/ARM/Lib/ARM/libarm_cortexM4lf_math.a)
    136	      0	      0	    136	     88	arm_nuttall3b_f32.o (ex ../../../../../CMSIS/ARM/Lib/ARM/libarm_cortexM4lf_math.a)
    312	      0	      0	    312	    138	arm_nuttall3b_f64.o (ex ../../../../../CMSIS/ARM/Lib/ARM/libarm_cortexM4lf_math.a)
    124	      0	      0	    124	     7c	arm_nuttall3_f32.o (ex ../../../../../CMSIS/ARM/Lib/ARM/libarm_cortexM4lf_math.a)
    312	      0	      0	    312	    138	arm_nuttall3_f64.o (ex ../../../../../CMSIS/ARM/Lib/ARM/libarm_cortexM4lf_math.a)
    164	      0	      0	    164	     a4	arm_nuttall4a_f32.o (ex ../../../../../CMSIS/ARM/Lib/ARM/libarm_cortexM4lf_math.a)
    416	      0	      0	    416	    1a0	arm_nuttall4a_f64.o (ex ../../../../../CMSIS/ARM/Lib/ARM/libarm_cortexM4lf_math.a)
    164	      0	      0	    164	     a4	arm_nuttall4b_f32.o (ex ../../../../../CMSIS/ARM/Lib/ARM/libarm_cortexM4lf_math.a)
    416	      0	      0	    416	    1a0	arm_nuttall4b_f64.o (ex ../../../../../CMSIS/ARM/Lib/ARM/libarm_cortexM4lf_math.a)
    164	      0	      0	    164	     a4	arm_nuttall4c_f32.o (ex ../../../../../CMSIS/ARM/Lib/ARM/libarm_cortexM4lf_math.a)
    416	      0	      0	    416	    1a0	arm_nuttall4c_f64.o (ex ../../../../../CMSIS/ARM/Lib/ARM/libarm_cortexM4lf_math.a)
    152	      0	      0	    152	     98	arm_nuttall4_f32.o (ex ../../../../../CMSIS/ARM/Lib/ARM/libarm_cortexM4lf_math.a)
    416	      0	      0	    416	    1a0	arm_nuttall4_f64.o (ex ../../../../../CMSIS/ARM/Lib/ARM/libarm_cortexM4lf_math.a)
     72	      0	      0	     72	     48	arm_welch_f32.o (ex ../../../../../CMSIS/ARM/Lib/ARM/libarm_cortexM4lf_math.a)
    184	      0	      0	    184	     b8	arm_welch_f64.o (ex ../../../../../CMSIS/ARM/Lib/ARM/libarm_cortexM4lf_math.a)
   1700	      0	     88	   1788	    6fc	am_hal_adc.o (ex ../../../../../mcu/apollo3p/hal/gcc/bin/libam_hal.a)
   8844	    116	    204	   9164	   23cc	am_hal_ble.o (ex ../../../../../mcu/apollo3p/hal/gcc/bin/libam_hal.a)
   1876	   7116	      0	   8992	   2320	am_hal_ble_patch_b0.o (ex ../../../../../mcu/apollo3p/hal/gcc/bin/libam_hal.a)
   1304	      0	      3	   1307	    51b	am_hal_burst.o (ex ../../../../../mcu/apollo3p/hal/gcc/bin/libam_hal.a)
   1031	      0	      0	   1031	    407	am_hal_cachectrl.o (ex ../../../../../mcu/apollo3p/hal/gcc/bin/libam_hal.a)
    560	      0	      0	    560	    230	am_hal_clkgen.o (ex ../../../../../mcu/apollo3p/hal/gcc/bin/libam_hal.a)
   1896	      0	    440	   2336	    920	am_hal_cmdq.o (ex ../../../../../mcu/apollo3p/hal/gcc/bin/libam_hal.a)
   3147	     16	    128	   3291	    cdb	am_hal_ctimer.o (ex ../../../../../mcu/apollo3p/hal/gcc/bin/libam_hal.a)
      4	      0	      0	      4	      4	am_hal_debug.o (ex ../../../../../mcu/apollo3p/hal/gcc/bin/libam_hal.a)
    360	     16	     28	    404	    194	am_hal_entropy.o (ex ../../../../../mcu/apollo3p/hal/gcc/bin/libam_hal.a)
   3420	     16	      0	   3436	    d6c	am_hal_flash.o (ex ../../../../../mcu/apollo3p/hal/gcc/bin/libam_hal.a)
     52	      0	      0	     52	     34	am_hal_global.o (ex ../../../../../mcu/apollo3p/hal/gcc/bin/libam_hal.a)
   2718	      0	    592	   3310	    cee	am_hal_gpio.o (ex ../../../../../mcu/apollo3p/hal/gcc/bin/libam_hal.a)
     24	      0	      0	     24	     18	am_hal_interrupt.o (ex ../../../../../mcu/apollo3p/hal/gcc/bin/libam_hal.a)
   8248	      0	  13272	  21520	   5410	am_hal_iom.o (ex ../../../../../mcu/apollo3p/hal/gcc/bin/libam_hal.a)
   2139	      0	     72	   2211	    8a3	am_hal_ios.o (ex ../../../../../mcu/apollo3p/hal/gcc/bin/libam_hal.a)
    468	      0	      0	    468	    1d4	am_hal_itm.o (ex ../../../../../mcu/apollo3p/hal/gcc/bin/libam_hal.a)
    904	      0	      0	    904	    388	am_hal_mcuctrl.o (ex ../../../../../mcu/apollo3p/hal/gcc/bin/libam_hal.a)
   7108	      0	   6648	  13756	   35bc	am_hal_mspi.o (ex ../../../../../mcu/apollo3p/hal/gcc/bin/libam_hal.a)
   1856	      0	     32	   1888	    760	am_hal_pdm.o (ex ../../../../../mcu/apollo3p/hal/gcc/bin/libam_hal.a)
   2892	      0	      2	   2894	    b4e	am_hal_pwrctrl.o (ex ../../../../../mcu/apollo3p/hal/gcc/bin/libam_hal.a)
    276	      0	      0	    276	    114	am_hal_queue.o (ex ../../../../../mcu/apollo3p/hal/gcc/bin/libam_hal.a)
    408	      0	      4	    412	    19c	am_hal_reset.o (ex ../../../../../mcu/apollo3p/hal/gcc/bin/libam_hal.a)
   1148	      0	      0	   1148	    47c	am_hal_rtc.o (ex ../../../../../mcu/apollo3p/hal/gcc/bin/libam_hal.a)
   4960	      0	    112	   5072	   13d0	am_hal_scard.o (ex ../../../../../mcu/apollo3p/hal/gcc/bin/libam_hal.a)
    268	      0	     12	    280	    118	am_hal_secure_ota.o (ex ../../../../../mcu/apollo3p/hal/gcc/bin/libam_hal.a)
    764	      0	    512	   1276	    4fc	am_hal_security.o (ex ../../../../../mcu/apollo3p/hal/gcc/bin/libam_hal.a)
    612	      0	      0	    612	    264	am_hal_stimer.o (ex ../../../../../mcu/apollo3p/hal/gcc/bin/libam_hal.a)
    348	      0	      4	    352	    160	am_hal_sysctrl.o (ex ../../../../../mcu/apollo3p/hal/gcc/bin/libam_hal.a)
    284	      0	      0	    284	    11c	am_hal_systick.o (ex ../../../../../mcu/apollo3p/hal/gcc/bin/libam_hal.a)
    360	      0	      0	    360	    168	am_hal_tpiu.o (ex ../../../../../mcu/apollo3p/hal/gcc/bin/libam_hal.a)
   3520	      0	    192	   3712	    e80	am_hal_uart.o (ex ../../../../../mcu/apollo3p/hal/gcc/bin/libam_hal.a)
    427	      0	      0	    427	    1ab	am_hal_wdt.o (ex ../../../../../mcu/apollo3p/hal/gcc/bin/libam_hal.a)
   3540	    128	   2080	   5748	   1674	am_bsp.o (ex ../../../bsp/gcc/bin/libam_bsp.a)
    396	      0	      0	    396	    18c	am_bsp_pins.o (ex ../../../bsp/gcc/bin/libam_bsp.a)
  48768	     44	  87620	 136432	  214f0	bin/pdm_fft.axf
